Archive member included to satisfy reference by file (symbol)

/usr/lib/gcc/arm-none-eabi/13.2.1/../../../arm-none-eabi/lib/thumb/v7-m/nofp/libc.a(libc_a-memset.o)
                              /usr/lib/gcc/arm-none-eabi/13.2.1/../../../arm-none-eabi/lib/thumb/v7-m/nofp/crt0.o (memset)
/usr/lib/gcc/arm-none-eabi/13.2.1/../../../arm-none-eabi/lib/thumb/v7-m/nofp/libc.a(libc_a-init.o)
                              /usr/lib/gcc/arm-none-eabi/13.2.1/../../../arm-none-eabi/lib/thumb/v7-m/nofp/crt0.o (__libc_init_array)
/usr/lib/gcc/arm-none-eabi/13.2.1/../../../arm-none-eabi/lib/thumb/v7-m/nofp/libc.a(libc_a-exit.o)
                              /usr/lib/gcc/arm-none-eabi/13.2.1/../../../arm-none-eabi/lib/thumb/v7-m/nofp/crt0.o (exit)
/usr/lib/gcc/arm-none-eabi/13.2.1/../../../arm-none-eabi/lib/thumb/v7-m/nofp/libc.a(libc_a-atexit.o)
                              /usr/lib/gcc/arm-none-eabi/13.2.1/../../../arm-none-eabi/lib/thumb/v7-m/nofp/crt0.o (atexit)
/usr/lib/gcc/arm-none-eabi/13.2.1/../../../arm-none-eabi/lib/thumb/v7-m/nofp/libc.a(libc_a-fini.o)
                              /usr/lib/gcc/arm-none-eabi/13.2.1/../../../arm-none-eabi/lib/thumb/v7-m/nofp/crt0.o (__libc_fini_array)
/usr/lib/gcc/arm-none-eabi/13.2.1/../../../arm-none-eabi/lib/thumb/v7-m/nofp/libc.a(libc_a-__call_atexit.o)
                              /usr/lib/gcc/arm-none-eabi/13.2.1/../../../arm-none-eabi/lib/thumb/v7-m/nofp/libc.a(libc_a-exit.o) (__call_exitprocs)
/usr/lib/gcc/arm-none-eabi/13.2.1/../../../arm-none-eabi/lib/thumb/v7-m/nofp/libc.a(libc_a-__atexit.o)
                              /usr/lib/gcc/arm-none-eabi/13.2.1/../../../arm-none-eabi/lib/thumb/v7-m/nofp/libc.a(libc_a-atexit.o) (__register_exitproc)
/usr/lib/gcc/arm-none-eabi/13.2.1/../../../arm-none-eabi/lib/thumb/v7-m/nofp/libc.a(libc_a-findfp.o)
                              /usr/lib/gcc/arm-none-eabi/13.2.1/../../../arm-none-eabi/lib/thumb/v7-m/nofp/libc.a(libc_a-exit.o) (__stdio_exit_handler)
/usr/lib/gcc/arm-none-eabi/13.2.1/../../../arm-none-eabi/lib/thumb/v7-m/nofp/libc.a(libc_a-fwalk.o)
                              /usr/lib/gcc/arm-none-eabi/13.2.1/../../../arm-none-eabi/lib/thumb/v7-m/nofp/libc.a(libc_a-findfp.o) (_fwalk_sglue)
/usr/lib/gcc/arm-none-eabi/13.2.1/../../../arm-none-eabi/lib/thumb/v7-m/nofp/libc.a(libc_a-impure.o)
                              /usr/lib/gcc/arm-none-eabi/13.2.1/../../../arm-none-eabi/lib/thumb/v7-m/nofp/libc.a(libc_a-findfp.o) (_impure_data)
/usr/lib/gcc/arm-none-eabi/13.2.1/../../../arm-none-eabi/lib/thumb/v7-m/nofp/libc.a(libc_a-mallocr.o)
                              /usr/lib/gcc/arm-none-eabi/13.2.1/../../../arm-none-eabi/lib/thumb/v7-m/nofp/libc.a(libc_a-findfp.o) (_malloc_r)
/usr/lib/gcc/arm-none-eabi/13.2.1/../../../arm-none-eabi/lib/thumb/v7-m/nofp/libc.a(libc_a-freer.o)
                              /usr/lib/gcc/arm-none-eabi/13.2.1/../../../arm-none-eabi/lib/thumb/v7-m/nofp/libc.a(libc_a-mallocr.o) (_free_r)
/usr/lib/gcc/arm-none-eabi/13.2.1/../../../arm-none-eabi/lib/thumb/v7-m/nofp/libc.a(libc_a-fclose.o)
                              /usr/lib/gcc/arm-none-eabi/13.2.1/../../../arm-none-eabi/lib/thumb/v7-m/nofp/libc.a(libc_a-findfp.o) (_fclose_r)
/usr/lib/gcc/arm-none-eabi/13.2.1/../../../arm-none-eabi/lib/thumb/v7-m/nofp/libc.a(libc_a-sysconf.o)
                              /usr/lib/gcc/arm-none-eabi/13.2.1/../../../arm-none-eabi/lib/thumb/v7-m/nofp/libc.a(libc_a-mallocr.o) (sysconf)
/usr/lib/gcc/arm-none-eabi/13.2.1/../../../arm-none-eabi/lib/thumb/v7-m/nofp/libc.a(libc_a-stdio.o)
                              /usr/lib/gcc/arm-none-eabi/13.2.1/../../../arm-none-eabi/lib/thumb/v7-m/nofp/libc.a(libc_a-findfp.o) (__sread)
/usr/lib/gcc/arm-none-eabi/13.2.1/../../../arm-none-eabi/lib/thumb/v7-m/nofp/libc.a(libc_a-writer.o)
                              /usr/lib/gcc/arm-none-eabi/13.2.1/../../../arm-none-eabi/lib/thumb/v7-m/nofp/libc.a(libc_a-stdio.o) (_write_r)
/usr/lib/gcc/arm-none-eabi/13.2.1/../../../arm-none-eabi/lib/thumb/v7-m/nofp/libc.a(libc_a-mlock.o)
                              /usr/lib/gcc/arm-none-eabi/13.2.1/../../../arm-none-eabi/lib/thumb/v7-m/nofp/libc.a(libc_a-mallocr.o) (__malloc_lock)
/usr/lib/gcc/arm-none-eabi/13.2.1/../../../arm-none-eabi/lib/thumb/v7-m/nofp/libc.a(libc_a-sbrkr.o)
                              /usr/lib/gcc/arm-none-eabi/13.2.1/../../../arm-none-eabi/lib/thumb/v7-m/nofp/libc.a(libc_a-mallocr.o) (_sbrk_r)
/usr/lib/gcc/arm-none-eabi/13.2.1/../../../arm-none-eabi/lib/thumb/v7-m/nofp/libc.a(libc_a-closer.o)
                              /usr/lib/gcc/arm-none-eabi/13.2.1/../../../arm-none-eabi/lib/thumb/v7-m/nofp/libc.a(libc_a-stdio.o) (_close_r)
/usr/lib/gcc/arm-none-eabi/13.2.1/../../../arm-none-eabi/lib/thumb/v7-m/nofp/libc.a(libc_a-fflush.o)
                              /usr/lib/gcc/arm-none-eabi/13.2.1/../../../arm-none-eabi/lib/thumb/v7-m/nofp/libc.a(libc_a-fclose.o) (__sflush_r)
/usr/lib/gcc/arm-none-eabi/13.2.1/../../../arm-none-eabi/lib/thumb/v7-m/nofp/libc.a(libc_a-errno.o)
[...]
Memory Configuration

Name             Origin             Length             Attributes
FLASH            0x08000000         0x00010000         xr
SRAM             0x20000000         0x00005000         xrw
*default*        0x00000000         0xffffffff

Linker script and memory map

LOAD /usr/lib/gcc/arm-none-eabi/13.2.1/thumb/v7-m/nofp/crti.o
LOAD /usr/lib/gcc/arm-none-eabi/13.2.1/thumb/v7-m/nofp/crtbegin.o
LOAD /usr/lib/gcc/arm-none-eabi/13.2.1/../../../arm-none-eabi/lib/thumb/v7-m/nofp/crt0.o
LOAD /home/shrey_shah/Desktop/STM32/STM32F103C8T6/Projects/USART/08_USART_Test/Build/adc.o
LOAD /home/shrey_shah/Desktop/STM32/STM32F103C8T6/Projects/USART/08_USART_Test/Build/exti.o
LOAD /home/shrey_shah/Desktop/STM32/STM32F103C8T6/Projects/USART/08_USART_Test/Build/gpio.o
LOAD /home/shrey_shah/Desktop/STM32/STM32F103C8T6/Projects/USART/08_USART_Test/Build/gpt.o
LOAD /home/shrey_shah/Desktop/STM32/STM32F103C8T6/Projects/USART/08_USART_Test/Build/pwm.o
LOAD /home/shrey_shah/Desktop/STM32/STM32F103C8T6/Projects/USART/08_USART_Test/Build/rcc.o
LOAD /home/shrey_shah/Desktop/STM32/STM32F103C8T6/Projects/USART/08_USART_Test/Build/systick.o
LOAD /home/shrey_shah/Desktop/STM32/STM32F103C8T6/Projects/USART/08_USART_Test/Build/usart.o
LOAD /home/shrey_shah/Desktop/STM32/STM32F103C8T6/Projects/USART/08_USART_Test/Build/main.o
LOAD /home/shrey_shah/Desktop/STM32/STM32F103C8T6/Projects/USART/08_USART_Test/Build/stm32f1_startup.o
START GROUP
LOAD /usr/lib/gcc/arm-none-eabi/13.2.1/thumb/v7-m/nofp/libgcc.a
LOAD /usr/lib/gcc/arm-none-eabi/13.2.1/../../../arm-none-eabi/lib/thumb/v7-m/nofp/libc.a
END GROUP
START GROUP
LOAD /usr/lib/gcc/arm-none-eabi/13.2.1/thumb/v7-m/nofp/libgcc.a
LOAD /usr/lib/gcc/arm-none-eabi/13.2.1/../../../arm-none-eabi/lib/thumb/v7-m/nofp/libc.a
LOAD /usr/lib/gcc/arm-none-eabi/13.2.1/../../../arm-none-eabi/lib/thumb/v7-m/nofp/libnosys.a
END GROUP
LOAD /usr/lib/gcc/arm-none-eabi/13.2.1/thumb/v7-m/nofp/crtend.o
LOAD /usr/lib/gcc/arm-none-eabi/13.2.1/thumb/v7-m/nofp/crtn.o
                0x20005000                        __estack = (ORIGIN (SRAM) + LENGTH (SRAM))
                0x00000200                        __max_heap_size = 0x200
                0x00000400                        __max_stack_size = 0x400

.isr_vector     0x08000000      0x130
                0x08000000                        . = ALIGN (0x4)
                0x08000000                        _svector = .
 *(.isr_vector)
 .isr_vector    0x08000000      0x130 /home/shrey_shah/Desktop/STM32/STM32F103C8T6/Projects/USART/08_USART_Test/Build/stm32f1_startup.o
                0x08000000                vector_table
                0x08000130                        . = ALIGN (0x4)
                0x08000130                        _evector = .

.text           0x08000130      0xa84
                0x08000130                        . = ALIGN (0x4)
                0x08000130                        _stext = .
 *(.text*)
 .text.config_GPIO
                0x08000130      0x2d8 /home/shrey_shah/Desktop/STM32/STM32F103C8T6/Projects/USART/08_USART_Test/Build/gpio.o
                0x08000130                config_GPIO
 .text.get_clock_freq
                0x08000408       0xa8 /home/shrey_shah/Desktop/STM32/STM32F103C8T6/Projects/USART/08_USART_Test/Build/rcc.o
                0x08000408                get_clock_freq
 .text.get_AHB_freq
                0x080004b0       0x9c /home/shrey_shah/Desktop/STM32/STM32F103C8T6/Projects/USART/08_USART_Test/Build/rcc.o
                0x080004b0                get_AHB_freq
 .text.get_APB1_freq
                0x0800054c       0x68 /home/shrey_shah/Desktop/STM32/STM32F103C8T6/Projects/USART/08_USART_Test/Build/rcc.o
                0x0800054c                get_APB1_freq
 .text.get_APB2_freq
                0x080005b4       0x68 /home/shrey_shah/Desktop/STM32/STM32F103C8T6/Projects/USART/08_USART_Test/Build/rcc.o
                0x080005b4                get_APB2_freq
 .text.config_RCC
                0x0800061c      0x13c /home/shrey_shah/Desktop/STM32/STM32F103C8T6/Projects/USART/08_USART_Test/Build/rcc.o
                0x0800061c                config_RCC
 .text.config_SysTick
                0x08000758       0x44 /home/shrey_shah/Desktop/STM32/STM32F103C8T6/Projects/USART/08_USART_Test/Build/systick.o
                0x08000758                config_SysTick
 .text.delay_ms
                0x0800079c       0x54 /home/shrey_shah/Desktop/STM32/STM32F103C8T6/Projects/USART/08_USART_Test/Build/systick.o
                0x0800079c                delay_ms
 .text.SysTick_Handler
                0x080007f0       0x24 /home/shrey_shah/Desktop/STM32/STM32F103C8T6/Projects/USART/08_USART_Test/Build/systick.o
                0x080007f0                SysTick_Handler
 .text.config_USART
                0x08000814      0x1f8 /home/shrey_shah/Desktop/STM32/STM32F103C8T6/Projects/USART/08_USART_Test/Build/usart.o
                0x08000814                config_USART
 .text.USART_putc
                0x08000a0c       0x2e /home/shrey_shah/Desktop/STM32/STM32F103C8T6/Projects/USART/08_USART_Test/Build/usart.o
                0x08000a0c                USART_putc
 .text.USART_puts
                0x08000a3a       0x4c /home/shrey_shah/Desktop/STM32/STM32F103C8T6/Projects/USART/08_USART_Test/Build/usart.o
                0x08000a3a                USART_puts
 *fill*         0x08000a86        0x2 
 .text.main     0x08000a88       0x94 /home/shrey_shah/Desktop/STM32/STM32F103C8T6/Projects/USART/08_USART_Test/Build/main.o
                0x08000a88                main
 .text.Reset_Handler
                0x08000b1c       0x90 /home/shrey_shah/Desktop/STM32/STM32F103C8T6/Projects/USART/08_USART_Test/Build/stm32f1_startup.o
                0x08000b1c                Reset_Handler
 .text.Default_Handler
                0x08000bac        0x8 /home/shrey_shah/Desktop/STM32/STM32F103C8T6/Projects/USART/08_USART_Test/Build/stm32f1_startup.o
                0x08000bac                RTC_Alarm_IRQHandler
                0x08000bac                EXTI2_IRQHandler
                0x08000bac                TIM8_TRG_COM_IRQHandler
                0x08000bac                TIM8_CC_IRQHandler
                0x08000bac                DebugMon_Handler
                0x08000bac                TIM1_CC_IRQHandler
                0x08000bac                HardFault_Handler
                0x08000bac                TIM6_IRQHandler
                0x08000bac                PVD_IRQHandler
                0x08000bac                SDIO_IRQHandler
                0x08000bac                PendSV_Handler
                0x08000bac                NMI_Handler
                0x08000bac                EXTI3_IRQHandler
                0x08000bac                USB_HP_CAN_TX_IRQHandler
                0x08000bac                EXTI0_IRQHandler
                0x08000bac                I2C2_EV_IRQHandler
                0x08000bac                UsageFault_Handler
                0x08000bac                ADC1_2_IRQHandler
                0x08000bac                SPI1_IRQHandler
                0x08000bac                CAN_SCE_IRQHandler
                0x08000bac                TAMPER_IRQHandler
                0x08000bac                TIM8_UP_IRQHandler
                0x08000bac                DMA2_Channel2_IRQHandler
                0x08000bac                DMA1_Channel4_IRQHandler
                0x08000bac                USART3_IRQHandler
                0x08000bac                RTC_IRQHandler
                0x08000bac                DMA1_Channel7_IRQHandler
                0x08000bac                UART5_IRQHandler
                0x08000bac                ADC3_IRQHandler
                0x08000bac                TIM4_IRQHandler
                0x08000bac                CAN_RX1_IRQHandler
                0x08000bac                DMA2_Channel1_IRQHandler
                0x08000bac                I2C1_EV_IRQHandler
                0x08000bac                DMA1_Channel6_IRQHandler
                0x08000bac                UART4_IRQHandler
                0x08000bac                TIM3_IRQHandler
                0x08000bac                RCC_IRQHandler
                0x08000bac                TIM1_TRG_COM_IRQHandler
                0x08000bac                DMA1_Channel1_IRQHandler
                0x08000bac                Default_Handler
                0x08000bac                EXTI15_10_IRQHandler
                0x08000bac                TIM7_IRQHandler
                0x08000bac                TIM5_IRQHandler
                0x08000bac                EXTI9_5_IRQHandler
                0x08000bac                SPI2_IRQHandler
                0x08000bac                USB_LP_CAN_RX0_IRQHandler
                0x08000bac                MemManage_Handler
                0x08000bac                SVC_Handler
                0x08000bac                DMA1_Channel5_IRQHandler
                0x08000bac                EXTI4_IRQHandler
                0x08000bac                DMA1_Channel3_IRQHandler
                0x08000bac                FSMC_IRQHandler
                0x08000bac                TIM1_UP_IRQHandler
                0x08000bac                WWDG_IRQHandler
                0x08000bac                TIM2_IRQHandler
                0x08000bac                TIM1_BRK_IRQHandler
                0x08000bac                EXTI1_IRQHandler
                0x08000bac                DMA2_Channel4_5_IRQHandler
                0x08000bac                USART2_IRQHandler
                0x08000bac                I2C2_ER_IRQHandler
                0x08000bac                DMA1_Channel2_IRQHandler
                0x08000bac                TIM8_BRK_IRQHandler
                0x08000bac                FLASH_IRQHandler
                0x08000bac                BusFault_Handler
                0x08000bac                USART1_IRQHandler
                0x08000bac                SPI3_IRQHandler
                0x08000bac                I2C1_ER_IRQHandler
                0x08000bac                DMA2_Channel3_IRQHandler
                0x08000bb4                        . = ALIGN (0x4)
                0x08000bb4                        _etext = .

.glue_7         0x08000bb4        0x0
 .glue_7        0x08000bb4        0x0 linker stubs

.glue_7t        0x08000bb4        0x0
 .glue_7t       0x08000bb4        0x0 linker stubs

.vfp11_veneer   0x08000bb4        0x0
 .vfp11_veneer  0x08000bb4        0x0 linker stubs

.v4_bx          0x08000bb4        0x0
 .v4_bx         0x08000bb4        0x0 linker stubs

.init           0x08000bb4        0x4
 .init          0x08000bb4        0x4 /usr/lib/gcc/arm-none-eabi/13.2.1/thumb/v7-m/nofp/crti.o
                0x08000bb4                _init

.fini           0x08000bb8        0x4
 .fini          0x08000bb8        0x4 /usr/lib/gcc/arm-none-eabi/13.2.1/thumb/v7-m/nofp/crti.o
                0x08000bb8                _fini

.iplt           0x08000bbc        0x0
 .iplt          0x08000bbc        0x0 /home/shrey_shah/Desktop/STM32/STM32F103C8T6/Projects/USART/08_USART_Test/Build/rcc.o

.rodata         0x08000bbc       0x1c
                0x08000bbc                        . = ALIGN (0x4)
                0x08000bbc                        _srodata = .
 *(.rodata*)
 .rodata        0x08000bbc        0xf /home/shrey_shah/Desktop/STM32/STM32F103C8T6/Projects/USART/08_USART_Test/Build/main.o
 *fill*         0x08000bcb        0x1 
 .rodata.config_RCC_72MHz
                0x08000bcc        0xa /home/shrey_shah/Desktop/STM32/STM32F103C8T6/Projects/USART/08_USART_Test/Build/stm32f1_startup.o
                0x08000bd8                        . = ALIGN (0x4)
 *fill*         0x08000bd6        0x2 
                0x08000bd8                        _erodata = .

.rel.dyn        0x08000bd8        0x0
 .rel.iplt      0x08000bd8        0x0 /home/shrey_shah/Desktop/STM32/STM32F103C8T6/Projects/USART/08_USART_Test/Build/rcc.o

.data           0x20000000       0x3c load address 0x08000bd8
                0x20000000                        . = ALIGN (0x4)
                0x20000000                        _sdata = .
 *(.data*)
 .data.CoreClock
                0x20000000        0x4 /home/shrey_shah/Desktop/STM32/STM32F103C8T6/Projects/USART/08_USART_Test/Build/rcc.o
                0x20000000                CoreClock
 .data.AHBClock
                0x20000004        0x4 /home/shrey_shah/Desktop/STM32/STM32F103C8T6/Projects/USART/08_USART_Test/Build/rcc.o
                0x20000004                AHBClock
 .data.APB1Clock
                0x20000008        0x4 /home/shrey_shah/Desktop/STM32/STM32F103C8T6/Projects/USART/08_USART_Test/Build/rcc.o
                0x20000008                APB1Clock
 .data.APB2Clock
                0x2000000c        0x4 /home/shrey_shah/Desktop/STM32/STM32F103C8T6/Projects/USART/08_USART_Test/Build/rcc.o
                0x2000000c                APB2Clock
 .data.USART1_TX_GPIO_Config
                0x20000010        0x8 /home/shrey_shah/Desktop/STM32/STM32F103C8T6/Projects/USART/08_USART_Test/Build/usart.o
 .data.USART1_RX_GPIO_Config
                0x20000018        0x8 /home/shrey_shah/Desktop/STM32/STM32F103C8T6/Projects/USART/08_USART_Test/Build/usart.o
 .data.USART1_Config
                0x20000020       0x10 /home/shrey_shah/Desktop/STM32/STM32F103C8T6/Projects/USART/08_USART_Test/Build/usart.o
                0x20000020                USART1_Config
 .data.msg      0x20000030        0x4 /home/shrey_shah/Desktop/STM32/STM32F103C8T6/Projects/USART/08_USART_Test/Build/main.o
                0x20000030                msg
 .data.OB_LED_config
                0x20000034        0x8 /home/shrey_shah/Desktop/STM32/STM32F103C8T6/Projects/USART/08_USART_Test/Build/stm32f1_startup.o
                0x2000003c                        . = ALIGN (0x4)
                0x2000003c                        _edata = .
                0x08000bd8                        _sidata = LOADADDR (.data)

.igot.plt       0x2000003c        0x0 load address 0x08000c14
 .igot.plt      0x2000003c        0x0 /home/shrey_shah/Desktop/STM32/STM32F103C8T6/Projects/USART/08_USART_Test/Build/rcc.o

.bss            0x20000040       0x10 load address 0x08000c14
                0x20000040                        . = ALIGN (0x4)
                0x20000040                        _sbss = .
 *(.bss*)
 .bss.future_ticks
                0x20000040        0x8 /home/shrey_shah/Desktop/STM32/STM32F103C8T6/Projects/USART/08_USART_Test/Build/systick.o
 .bss.curr_ticks
                0x20000048        0x8 /home/shrey_shah/Desktop/STM32/STM32F103C8T6/Projects/USART/08_USART_Test/Build/systick.o
                0x20000050                        . = ALIGN (0x4)
                0x20000050                        _ebss = .
OUTPUT(/home/shrey_shah/Desktop/STM32/STM32F103C8T6/Projects/USART/08_USART_Test/Build/main.elf elf32-littlearm)
LOAD linker stubs

.ARM.attributes
                0x00000000       0x29
 .ARM.attributes
                0x00000000       0x1d /usr/lib/gcc/arm-none-eabi/13.2.1/thumb/v7-m/nofp/crti.o
 .ARM.attributes
                0x0000001d       0x2d /home/shrey_shah/Desktop/STM32/STM32F103C8T6/Projects/USART/08_USART_Test/Build/gpio.o
 .ARM.attributes
                0x0000004a       0x2d /home/shrey_shah/Desktop/STM32/STM32F103C8T6/Projects/USART/08_USART_Test/Build/rcc.o
 .ARM.attributes
                0x00000077       0x2d /home/shrey_shah/Desktop/STM32/STM32F103C8T6/Projects/USART/08_USART_Test/Build/systick.o
 .ARM.attributes
                0x000000a4       0x2d /home/shrey_shah/Desktop/STM32/STM32F103C8T6/Projects/USART/08_USART_Test/Build/usart.o
 .ARM.attributes
                0x000000d1       0x2d /home/shrey_shah/Desktop/STM32/STM32F103C8T6/Projects/USART/08_USART_Test/Build/main.o
 .ARM.attributes
                0x000000fe       0x2d /home/shrey_shah/Desktop/STM32/STM32F103C8T6/Projects/USART/08_USART_Test/Build/stm32f1_startup.o

.comment        0x00000000       0x26
 .comment       0x00000000       0x26 /home/shrey_shah/Desktop/STM32/STM32F103C8T6/Projects/USART/08_USART_Test/Build/gpio.o
                                 0x27 (size before relaxing)
 .comment       0x00000026       0x27 /home/shrey_shah/Desktop/STM32/STM32F103C8T6/Projects/USART/08_USART_Test/Build/rcc.o
 .comment       0x00000026       0x27 /home/shrey_shah/Desktop/STM32/STM32F103C8T6/Projects/USART/08_USART_Test/Build/systick.o
 .comment       0x00000026       0x27 /home/shrey_shah/Desktop/STM32/STM32F103C8T6/Projects/USART/08_USART_Test/Build/usart.o
 .comment       0x00000026       0x27 /home/shrey_shah/Desktop/STM32/STM32F103C8T6/Projects/USART/08_USART_Test/Build/main.o
 .comment       0x00000026       0x27 /home/shrey_shah/Desktop/STM32/STM32F103C8T6/Projects/USART/08_USART_Test/Build/stm32f1_startup.o

.debug_info     0x00000000     0x8239
 .debug_info    0x00000000     0x1bf4 /home/shrey_shah/Desktop/STM32/STM32F103C8T6/Projects/USART/08_USART_Test/Build/gpio.o
 .debug_info    0x00001bf4     0x16ca /home/shrey_shah/Desktop/STM32/STM32F103C8T6/Projects/USART/08_USART_Test/Build/rcc.o
 .debug_info    0x000032be      0x2f6 /home/shrey_shah/Desktop/STM32/STM32F103C8T6/Projects/USART/08_USART_Test/Build/systick.o
 .debug_info    0x000035b4     0x2799 /home/shrey_shah/Desktop/STM32/STM32F103C8T6/Projects/USART/08_USART_Test/Build/usart.o
 .debug_info    0x00005d4d     0x15b7 /home/shrey_shah/Desktop/STM32/STM32F103C8T6/Projects/USART/08_USART_Test/Build/main.o
 .debug_info    0x00007304      0xf35 /home/shrey_shah/Desktop/STM32/STM32F103C8T6/Projects/USART/08_USART_Test/Build/stm32f1_startup.o

.debug_abbrev   0x00000000      0xce4
 .debug_abbrev  0x00000000      0x1dd /home/shrey_shah/Desktop/STM32/STM32F103C8T6/Projects/USART/08_USART_Test/Build/gpio.o
 .debug_abbrev  0x000001dd      0x2df /home/shrey_shah/Desktop/STM32/STM32F103C8T6/Projects/USART/08_USART_Test/Build/rcc.o
 .debug_abbrev  0x000004bc      0x13e /home/shrey_shah/Desktop/STM32/STM32F103C8T6/Projects/USART/08_USART_Test/Build/systick.o
 .debug_abbrev  0x000005fa      0x31c /home/shrey_shah/Desktop/STM32/STM32F103C8T6/Projects/USART/08_USART_Test/Build/usart.o
 .debug_abbrev  0x00000916      0x1d9 /home/shrey_shah/Desktop/STM32/STM32F103C8T6/Projects/USART/08_USART_Test/Build/main.o
 .debug_abbrev  0x00000aef      0x1f5 /home/shrey_shah/Desktop/STM32/STM32F103C8T6/Projects/USART/08_USART_Test/Build/stm32f1_startup.o

.debug_loc      0x00000000      0x762
 .debug_loc     0x00000000       0xb8 /home/shrey_shah/Desktop/STM32/STM32F103C8T6/Projects/USART/08_USART_Test/Build/gpio.o
 .debug_loc     0x000000b8      0x274 /home/shrey_shah/Desktop/STM32/STM32F103C8T6/Projects/USART/08_USART_Test/Build/rcc.o
 .debug_loc     0x0000032c      0x1b4 /home/shrey_shah/Desktop/STM32/STM32F103C8T6/Projects/USART/08_USART_Test/Build/systick.o
 .debug_loc     0x000004e0      0x21e /home/shrey_shah/Desktop/STM32/STM32F103C8T6/Projects/USART/08_USART_Test/Build/usart.o
 .debug_loc     0x000006fe       0x38 /home/shrey_shah/Desktop/STM32/STM32F103C8T6/Projects/USART/08_USART_Test/Build/main.o
 .debug_loc     0x00000736       0x2c /home/shrey_shah/Desktop/STM32/STM32F103C8T6/Projects/USART/08_USART_Test/Build/stm32f1_startup.o

.debug_aranges  0x00000000      0x150
 .debug_aranges
                0x00000000       0x28 /home/shrey_shah/Desktop/STM32/STM32F103C8T6/Projects/USART/08_USART_Test/Build/gpio.o
 .debug_aranges
                0x00000028       0x58 /home/shrey_shah/Desktop/STM32/STM32F103C8T6/Projects/USART/08_USART_Test/Build/rcc.o
 .debug_aranges
                0x00000080       0x40 /home/shrey_shah/Desktop/STM32/STM32F103C8T6/Projects/USART/08_USART_Test/Build/systick.o
 .debug_aranges
                0x000000c0       0x48 /home/shrey_shah/Desktop/STM32/STM32F103C8T6/Projects/USART/08_USART_Test/Build/usart.o
 .debug_aranges
                0x00000108       0x20 /home/shrey_shah/Desktop/STM32/STM32F103C8T6/Projects/USART/08_USART_Test/Build/main.o
 .debug_aranges
                0x00000128       0x28 /home/shrey_shah/Desktop/STM32/STM32F103C8T6/Projects/USART/08_USART_Test/Build/stm32f1_startup.o

.debug_ranges   0x00000000       0xf0
 .debug_ranges  0x00000000       0x18 /home/shrey_shah/Desktop/STM32/STM32F103C8T6/Projects/USART/08_USART_Test/Build/gpio.o
 .debug_ranges  0x00000018       0x48 /home/shrey_shah/Desktop/STM32/STM32F103C8T6/Projects/USART/08_USART_Test/Build/rcc.o
 .debug_ranges  0x00000060       0x30 /home/shrey_shah/Desktop/STM32/STM32F103C8T6/Projects/USART/08_USART_Test/Build/systick.o
 .debug_ranges  0x00000090       0x38 /home/shrey_shah/Desktop/STM32/STM32F103C8T6/Projects/USART/08_USART_Test/Build/usart.o
 .debug_ranges  0x000000c8       0x10 /home/shrey_shah/Desktop/STM32/STM32F103C8T6/Projects/USART/08_USART_Test/Build/main.o
 .debug_ranges  0x000000d8       0x18 /home/shrey_shah/Desktop/STM32/STM32F103C8T6/Projects/USART/08_USART_Test/Build/stm32f1_startup.o

.debug_line     0x00000000     0x15bd
 .debug_line    0x00000000      0x392 /home/shrey_shah/Desktop/STM32/STM32F103C8T6/Projects/USART/08_USART_Test/Build/gpio.o
 .debug_line    0x00000392      0x768 /home/shrey_shah/Desktop/STM32/STM32F103C8T6/Projects/USART/08_USART_Test/Build/rcc.o
 .debug_line    0x00000afa      0x19f /home/shrey_shah/Desktop/STM32/STM32F103C8T6/Projects/USART/08_USART_Test/Build/systick.o
 .debug_line    0x00000c99      0x4d6 /home/shrey_shah/Desktop/STM32/STM32F103C8T6/Projects/USART/08_USART_Test/Build/usart.o
 .debug_line    0x0000116f      0x246 /home/shrey_shah/Desktop/STM32/STM32F103C8T6/Projects/USART/08_USART_Test/Build/main.o
 .debug_line    0x000013b5      0x208 /home/shrey_shah/Desktop/STM32/STM32F103C8T6/Projects/USART/08_USART_Test/Build/stm32f1_startup.o

.debug_str      0x00000000     0x1138
 .debug_str     0x00000000     0x1138 /home/shrey_shah/Desktop/STM32/STM32F103C8T6/Projects/USART/08_USART_Test/Build/gpio.o
                                0x915 (size before relaxing)
 .debug_str     0x00001138      0x93d /home/shrey_shah/Desktop/STM32/STM32F103C8T6/Projects/USART/08_USART_Test/Build/rcc.o
 .debug_str     0x00001138      0x2da /home/shrey_shah/Desktop/STM32/STM32F103C8T6/Projects/USART/08_USART_Test/Build/systick.o
 .debug_str     0x00001138      0xc76 /home/shrey_shah/Desktop/STM32/STM32F103C8T6/Projects/USART/08_USART_Test/Build/usart.o
 .debug_str     0x00001138      0x6d3 /home/shrey_shah/Desktop/STM32/STM32F103C8T6/Projects/USART/08_USART_Test/Build/main.o
 .debug_str     0x00001138      0x5e3 /home/shrey_shah/Desktop/STM32/STM32F103C8T6/Projects/USART/08_USART_Test/Build/stm32f1_startup.o

.debug_frame    0x00000000      0x3e0
 .debug_frame   0x00000000       0x60 /home/shrey_shah/Desktop/STM32/STM32F103C8T6/Projects/USART/08_USART_Test/Build/gpio.o
 .debug_frame   0x00000060      0x134 /home/shrey_shah/Desktop/STM32/STM32F103C8T6/Projects/USART/08_USART_Test/Build/rcc.o
 .debug_frame   0x00000194       0xdc /home/shrey_shah/Desktop/STM32/STM32F103C8T6/Projects/USART/08_USART_Test/Build/systick.o
 .debug_frame   0x00000270      0x108 /home/shrey_shah/Desktop/STM32/STM32F103C8T6/Projects/USART/08_USART_Test/Build/usart.o
 .debug_frame   0x00000378       0x30 /home/shrey_shah/Desktop/STM32/STM32F103C8T6/Projects/USART/08_USART_Test/Build/main.o
 .debug_frame   0x000003a8       0x38 /home/shrey_shah/Desktop/STM32/STM32F103C8T6/Projects/USART/08_USART_Test/Build/stm32f1_startup.o
