Archive member included to satisfy reference by file (symbol)

/usr/lib/gcc/arm-none-eabi/13.2.1/../../../arm-none-eabi/lib/thumb/v7-m/nofp/libc.a(libc_a-memset.o)
                              /usr/lib/gcc/arm-none-eabi/13.2.1/../../../arm-none-eabi/lib/thumb/v7-m/nofp/crt0.o (memset)
/usr/lib/gcc/arm-none-eabi/13.2.1/../../../arm-none-eabi/lib/thumb/v7-m/nofp/libc.a(libc_a-init.o)
                              /usr/lib/gcc/arm-none-eabi/13.2.1/../../../arm-none-eabi/lib/thumb/v7-m/nofp/crt0.o (__libc_init_array)
/usr/lib/gcc/arm-none-eabi/13.2.1/../../../arm-none-eabi/lib/thumb/v7-m/nofp/libc.a(libc_a-exit.o)
                              /usr/lib/gcc/arm-none-eabi/13.2.1/../../../arm-none-eabi/lib/thumb/v7-m/nofp/crt0.o (exit)
/usr/lib/gcc/arm-none-eabi/13.2.1/../../../arm-none-eabi/lib/thumb/v7-m/nofp/libc.a(libc_a-atexit.o)
                              /usr/lib/gcc/arm-none-eabi/13.2.1/../../../arm-none-eabi/lib/thumb/v7-m/nofp/crt0.o (atexit)
/usr/lib/gcc/arm-none-eabi/13.2.1/../../../arm-none-eabi/lib/thumb/v7-m/nofp/libc.a(libc_a-fini.o)
                              /usr/lib/gcc/arm-none-eabi/13.2.1/../../../arm-none-eabi/lib/thumb/v7-m/nofp/crt0.o (__libc_fini_array)
/usr/lib/gcc/arm-none-eabi/13.2.1/../../../arm-none-eabi/lib/thumb/v7-m/nofp/libc.a(libc_a-__call_atexit.o)
                              /usr/lib/gcc/arm-none-eabi/13.2.1/../../../arm-none-eabi/lib/thumb/v7-m/nofp/libc.a(libc_a-exit.o) (__call_exitprocs)
/usr/lib/gcc/arm-none-eabi/13.2.1/../../../arm-none-eabi/lib/thumb/v7-m/nofp/libc.a(libc_a-__atexit.o)
                              /usr/lib/gcc/arm-none-eabi/13.2.1/../../../arm-none-eabi/lib/thumb/v7-m/nofp/libc.a(libc_a-atexit.o) (__register_exitproc)
/usr/lib/gcc/arm-none-eabi/13.2.1/../../../arm-none-eabi/lib/thumb/v7-m/nofp/libc.a(libc_a-findfp.o)
                              /usr/lib/gcc/arm-none-eabi/13.2.1/../../../arm-none-eabi/lib/thumb/v7-m/nofp/libc.a(libc_a-exit.o) (__stdio_exit_handler)
/usr/lib/gcc/arm-none-eabi/13.2.1/../../../arm-none-eabi/lib/thumb/v7-m/nofp/libc.a(libc_a-fwalk.o)
                              /usr/lib/gcc/arm-none-eabi/13.2.1/../../../arm-none-eabi/lib/thumb/v7-m/nofp/libc.a(libc_a-findfp.o) (_fwalk_sglue)
/usr/lib/gcc/arm-none-eabi/13.2.1/../../../arm-none-eabi/lib/thumb/v7-m/nofp/libc.a(libc_a-impure.o)
                              /usr/lib/gcc/arm-none-eabi/13.2.1/../../../arm-none-eabi/lib/thumb/v7-m/nofp/libc.a(libc_a-findfp.o) (_impure_data)
/usr/lib/gcc/arm-none-eabi/13.2.1/../../../arm-none-eabi/lib/thumb/v7-m/nofp/libc.a(libc_a-mallocr.o)
                              /usr/lib/gcc/arm-none-eabi/13.2.1/../../../arm-none-eabi/lib/thumb/v7-m/nofp/libc.a(libc_a-findfp.o) (_malloc_r)
/usr/lib/gcc/arm-none-eabi/13.2.1/../../../arm-none-eabi/lib/thumb/v7-m/nofp/libc.a(libc_a-freer.o)
                              /usr/lib/gcc/arm-none-eabi/13.2.1/../../../arm-none-eabi/lib/thumb/v7-m/nofp/libc.a(libc_a-mallocr.o) (_free_r)
/usr/lib/gcc/arm-none-eabi/13.2.1/../../../arm-none-eabi/lib/thumb/v7-m/nofp/libc.a(libc_a-fclose.o)
                              /usr/lib/gcc/arm-none-eabi/13.2.1/../../../arm-none-eabi/lib/thumb/v7-m/nofp/libc.a(libc_a-findfp.o) (_fclose_r)
/usr/lib/gcc/arm-none-eabi/13.2.1/../../../arm-none-eabi/lib/thumb/v7-m/nofp/libc.a(libc_a-sysconf.o)
                              /usr/lib/gcc/arm-none-eabi/13.2.1/../../../arm-none-eabi/lib/thumb/v7-m/nofp/libc.a(libc_a-mallocr.o) (sysconf)
/usr/lib/gcc/arm-none-eabi/13.2.1/../../../arm-none-eabi/lib/thumb/v7-m/nofp/libc.a(libc_a-stdio.o)
                              /usr/lib/gcc/arm-none-eabi/13.2.1/../../../arm-none-eabi/lib/thumb/v7-m/nofp/libc.a(libc_a-findfp.o) (__sread)
/usr/lib/gcc/arm-none-eabi/13.2.1/../../../arm-none-eabi/lib/thumb/v7-m/nofp/libc.a(libc_a-writer.o)
                              /usr/lib/gcc/arm-none-eabi/13.2.1/../../../arm-none-eabi/lib/thumb/v7-m/nofp/libc.a(libc_a-stdio.o) (_write_r)
/usr/lib/gcc/arm-none-eabi/13.2.1/../../../arm-none-eabi/lib/thumb/v7-m/nofp/libc.a(libc_a-mlock.o)
                              /usr/lib/gcc/arm-none-eabi/13.2.1/../../../arm-none-eabi/lib/thumb/v7-m/nofp/libc.a(libc_a-mallocr.o) (__malloc_lock)
/usr/lib/gcc/arm-none-eabi/13.2.1/../../../arm-none-eabi/lib/thumb/v7-m/nofp/libc.a(libc_a-sbrkr.o)
                              /usr/lib/gcc/arm-none-eabi/13.2.1/../../../arm-none-eabi/lib/thumb/v7-m/nofp/libc.a(libc_a-mallocr.o) (_sbrk_r)
/usr/lib/gcc/arm-none-eabi/13.2.1/../../../arm-none-eabi/lib/thumb/v7-m/nofp/libc.a(libc_a-closer.o)
                              /usr/lib/gcc/arm-none-eabi/13.2.1/../../../arm-none-eabi/lib/thumb/v7-m/nofp/libc.a(libc_a-stdio.o) (_close_r)
/usr/lib/gcc/arm-none-eabi/13.2.1/../../../arm-none-eabi/lib/thumb/v7-m/nofp/libc.a(libc_a-fflush.o)
                              /usr/lib/gcc/arm-none-eabi/13.2.1/../../../arm-none-eabi/lib/thumb/v7-m/nofp/libc.a(libc_a-fclose.o) (__sflush_r)
/usr/lib/gcc/arm-none-eabi/13.2.1/../../../arm-none-eabi/lib/thumb/v7-m/nofp/libc.a(libc_a-errno.o)
                              /usr/lib/gcc/arm-none-eabi/13.2.1/../../../arm-none-eabi/lib/thumb/v7-m/nofp/libc.a(libc_a-sysconf.o) (__errno)
/usr/lib/gcc/arm-none-eabi/13.2.1/../../../arm-none-eabi/lib/thumb/v7-m/nofp/libc.a(libc_a-readr.o)
                              /usr/lib/gcc/arm-none-eabi/13.2.1/../../../arm-none-eabi/lib/thumb/v7-m/nofp/libc.a(libc_a-stdio.o) (_read_r)
/usr/lib/gcc/arm-none-eabi/13.2.1/../../../arm-none-eabi/lib/thumb/v7-m/nofp/libc.a(libc_a-lseekr.o)
                              /usr/lib/gcc/arm-none-eabi/13.2.1/../../../arm-none-eabi/lib/thumb/v7-m/nofp/libc.a(libc_a-stdio.o) (_lseek_r)
/usr/lib/gcc/arm-none-eabi/13.2.1/../../../arm-none-eabi/lib/thumb/v7-m/nofp/libc.a(libc_a-reent.o)
                              /usr/lib/gcc/arm-none-eabi/13.2.1/../../../arm-none-eabi/lib/thumb/v7-m/nofp/libc.a(libc_a-writer.o) (errno)
/usr/lib/gcc/arm-none-eabi/13.2.1/../../../arm-none-eabi/lib/thumb/v7-m/nofp/libnosys.a(close.o)
                              /usr/lib/gcc/arm-none-eabi/13.2.1/../../../arm-none-eabi/lib/thumb/v7-m/nofp/libc.a(libc_a-closer.o) (_close)
/usr/lib/gcc/arm-none-eabi/13.2.1/../../../arm-none-eabi/lib/thumb/v7-m/nofp/libnosys.a(lseek.o)
                              /usr/lib/gcc/arm-none-eabi/13.2.1/../../../arm-none-eabi/lib/thumb/v7-m/nofp/libc.a(libc_a-lseekr.o) (_lseek)
/usr/lib/gcc/arm-none-eabi/13.2.1/../../../arm-none-eabi/lib/thumb/v7-m/nofp/libnosys.a(read.o)
                              /usr/lib/gcc/arm-none-eabi/13.2.1/../../../arm-none-eabi/lib/thumb/v7-m/nofp/libc.a(libc_a-readr.o) (_read)
/usr/lib/gcc/arm-none-eabi/13.2.1/../../../arm-none-eabi/lib/thumb/v7-m/nofp/libnosys.a(sbrk.o)
                              /usr/lib/gcc/arm-none-eabi/13.2.1/../../../arm-none-eabi/lib/thumb/v7-m/nofp/libc.a(libc_a-sbrkr.o) (_sbrk)
/usr/lib/gcc/arm-none-eabi/13.2.1/../../../arm-none-eabi/lib/thumb/v7-m/nofp/libnosys.a(write.o)
                              /usr/lib/gcc/arm-none-eabi/13.2.1/../../../arm-none-eabi/lib/thumb/v7-m/nofp/libc.a(libc_a-writer.o) (_write)
/usr/lib/gcc/arm-none-eabi/13.2.1/../../../arm-none-eabi/lib/thumb/v7-m/nofp/libnosys.a(_exit.o)
                              /usr/lib/gcc/arm-none-eabi/13.2.1/../../../arm-none-eabi/lib/thumb/v7-m/nofp/libc.a(libc_a-exit.o) (_exit)

Discarded input sections

 .text          0x00000000        0x0 /usr/lib/gcc/arm-none-eabi/13.2.1/thumb/v7-m/nofp/crti.o
 .data          0x00000000        0x0 /usr/lib/gcc/arm-none-eabi/13.2.1/thumb/v7-m/nofp/crti.o
 .bss           0x00000000        0x0 /usr/lib/gcc/arm-none-eabi/13.2.1/thumb/v7-m/nofp/crti.o
 .text          0x00000000       0x88 /usr/lib/gcc/arm-none-eabi/13.2.1/thumb/v7-m/nofp/crtbegin.o
 .data          0x00000000        0x4 /usr/lib/gcc/arm-none-eabi/13.2.1/thumb/v7-m/nofp/crtbegin.o
 .bss           0x00000000       0x1c /usr/lib/gcc/arm-none-eabi/13.2.1/thumb/v7-m/nofp/crtbegin.o
 .rodata        0x00000000       0x24 /usr/lib/gcc/arm-none-eabi/13.2.1/thumb/v7-m/nofp/crtbegin.o
 .init_array    0x00000000        0x4 /usr/lib/gcc/arm-none-eabi/13.2.1/thumb/v7-m/nofp/crtbegin.o
 .fini_array    0x00000000        0x4 /usr/lib/gcc/arm-none-eabi/13.2.1/thumb/v7-m/nofp/crtbegin.o
 .eh_frame      0x00000000        0x0 /usr/lib/gcc/arm-none-eabi/13.2.1/thumb/v7-m/nofp/crtbegin.o
 .tm_clone_table
                0x00000000        0x0 /usr/lib/gcc/arm-none-eabi/13.2.1/thumb/v7-m/nofp/crtbegin.o
 .comment       0x00000000       0x27 /usr/lib/gcc/arm-none-eabi/13.2.1/thumb/v7-m/nofp/crtbegin.o
 .ARM.attributes
                0x00000000       0x2d /usr/lib/gcc/arm-none-eabi/13.2.1/thumb/v7-m/nofp/crtbegin.o
 .text          0x00000000       0x70 /usr/lib/gcc/arm-none-eabi/13.2.1/../../../arm-none-eabi/lib/thumb/v7-m/nofp/crt0.o
 .data          0x00000000        0x0 /usr/lib/gcc/arm-none-eabi/13.2.1/../../../arm-none-eabi/lib/thumb/v7-m/nofp/crt0.o
 .bss           0x00000000        0x0 /usr/lib/gcc/arm-none-eabi/13.2.1/../../../arm-none-eabi/lib/thumb/v7-m/nofp/crt0.o
 .ARM.extab     0x00000000        0x0 /usr/lib/gcc/arm-none-eabi/13.2.1/../../../arm-none-eabi/lib/thumb/v7-m/nofp/crt0.o
 .ARM.exidx     0x00000000       0x10 /usr/lib/gcc/arm-none-eabi/13.2.1/../../../arm-none-eabi/lib/thumb/v7-m/nofp/crt0.o
 .debug_line    0x00000000       0x75 /usr/lib/gcc/arm-none-eabi/13.2.1/../../../arm-none-eabi/lib/thumb/v7-m/nofp/crt0.o
 .debug_line_str
                0x00000000       0x7e /usr/lib/gcc/arm-none-eabi/13.2.1/../../../arm-none-eabi/lib/thumb/v7-m/nofp/crt0.o
 .debug_info    0x00000000       0x24 /usr/lib/gcc/arm-none-eabi/13.2.1/../../../arm-none-eabi/lib/thumb/v7-m/nofp/crt0.o
 .debug_abbrev  0x00000000       0x14 /usr/lib/gcc/arm-none-eabi/13.2.1/../../../arm-none-eabi/lib/thumb/v7-m/nofp/crt0.o
 .debug_aranges
                0x00000000       0x20 /usr/lib/gcc/arm-none-eabi/13.2.1/../../../arm-none-eabi/lib/thumb/v7-m/nofp/crt0.o
 .debug_str     0x00000000       0x8a /usr/lib/gcc/arm-none-eabi/13.2.1/../../../arm-none-eabi/lib/thumb/v7-m/nofp/crt0.o
 .ARM.attributes
                0x00000000       0x1b /usr/lib/gcc/arm-none-eabi/13.2.1/../../../arm-none-eabi/lib/thumb/v7-m/nofp/crt0.o
 .text          0x00000000        0x0 Build/system_stm32f1xx.o
 .data          0x00000000        0x0 Build/system_stm32f1xx.o
 .bss           0x00000000        0x0 Build/system_stm32f1xx.o
 .rodata.AHBPrescTable
                0x00000000       0x10 Build/system_stm32f1xx.o
 .rodata.APBPrescTable
                0x00000000        0x8 Build/system_stm32f1xx.o
 .text.SystemInit
                0x00000000        0xc Build/system_stm32f1xx.o
 .text.SystemCoreClockUpdate
                0x00000000       0xe4 Build/system_stm32f1xx.o
 .text          0x00000000        0x0 Build/main.o
 .data          0x00000000        0x0 Build/main.o
 .bss           0x00000000        0x0 Build/main.o
 .text          0x00000000        0x0 Build/stm32f1_startup.o
 .data          0x00000000        0x0 Build/stm32f1_startup.o
 .bss           0x00000000        0x0 Build/stm32f1_startup.o
 .text          0x00000000       0xa0 /usr/lib/gcc/arm-none-eabi/13.2.1/../../../arm-none-eabi/lib/thumb/v7-m/nofp/libc.a(libc_a-memset.o)
 .data          0x00000000        0x0 /usr/lib/gcc/arm-none-eabi/13.2.1/../../../arm-none-eabi/lib/thumb/v7-m/nofp/libc.a(libc_a-memset.o)
 .bss           0x00000000        0x0 /usr/lib/gcc/arm-none-eabi/13.2.1/../../../arm-none-eabi/lib/thumb/v7-m/nofp/libc.a(libc_a-memset.o)
 .debug_info    0x00000000      0x135 /usr/lib/gcc/arm-none-eabi/13.2.1/../../../arm-none-eabi/lib/thumb/v7-m/nofp/libc.a(libc_a-memset.o)
 .debug_abbrev  0x00000000       0xb7 /usr/lib/gcc/arm-none-eabi/13.2.1/../../../arm-none-eabi/lib/thumb/v7-m/nofp/libc.a(libc_a-memset.o)
 .debug_loclists
                0x00000000      0x1d7 /usr/lib/gcc/arm-none-eabi/13.2.1/../../../arm-none-eabi/lib/thumb/v7-m/nofp/libc.a(libc_a-memset.o)
 .debug_aranges
                0x00000000       0x20 /usr/lib/gcc/arm-none-eabi/13.2.1/../../../arm-none-eabi/lib/thumb/v7-m/nofp/libc.a(libc_a-memset.o)
 .debug_line    0x00000000      0x1b1 /usr/lib/gcc/arm-none-eabi/13.2.1/../../../arm-none-eabi/lib/thumb/v7-m/nofp/libc.a(libc_a-memset.o)
 .debug_str     0x00000000      0x1a0 /usr/lib/gcc/arm-none-eabi/13.2.1/../../../arm-none-eabi/lib/thumb/v7-m/nofp/libc.a(libc_a-memset.o)
 .comment       0x00000000       0x27 /usr/lib/gcc/arm-none-eabi/13.2.1/../../../arm-none-eabi/lib/thumb/v7-m/nofp/libc.a(libc_a-memset.o)
 .debug_frame   0x00000000       0x2c /usr/lib/gcc/arm-none-eabi/13.2.1/../../../arm-none-eabi/lib/thumb/v7-m/nofp/libc.a(libc_a-memset.o)
 .ARM.attributes
                0x00000000       0x2d /usr/lib/gcc/arm-none-eabi/13.2.1/../../../arm-none-eabi/lib/thumb/v7-m/nofp/libc.a(libc_a-memset.o)
 .text          0x00000000       0x50 /usr/lib/gcc/arm-none-eabi/13.2.1/../../../arm-none-eabi/lib/thumb/v7-m/nofp/libc.a(libc_a-init.o)
 .data          0x00000000        0x0 /usr/lib/gcc/arm-none-eabi/13.2.1/../../../arm-none-eabi/lib/thumb/v7-m/nofp/libc.a(libc_a-init.o)
 .bss           0x00000000        0x0 /usr/lib/gcc/arm-none-eabi/13.2.1/../../../arm-none-eabi/lib/thumb/v7-m/nofp/libc.a(libc_a-init.o)
 .debug_info    0x00000000      0x10b /usr/lib/gcc/arm-none-eabi/13.2.1/../../../arm-none-eabi/lib/thumb/v7-m/nofp/libc.a(libc_a-init.o)
 .debug_abbrev  0x00000000       0xc9 /usr/lib/gcc/arm-none-eabi/13.2.1/../../../arm-none-eabi/lib/thumb/v7-m/nofp/libc.a(libc_a-init.o)
 .debug_loclists
                0x00000000       0x65 /usr/lib/gcc/arm-none-eabi/13.2.1/../../../arm-none-eabi/lib/thumb/v7-m/nofp/libc.a(libc_a-init.o)
 .debug_aranges
                0x00000000       0x20 /usr/lib/gcc/arm-none-eabi/13.2.1/../../../arm-none-eabi/lib/thumb/v7-m/nofp/libc.a(libc_a-init.o)
 .debug_line    0x00000000      0x11e /usr/lib/gcc/arm-none-eabi/13.2.1/../../../arm-none-eabi/lib/thumb/v7-m/nofp/libc.a(libc_a-init.o)
 .debug_str     0x00000000      0x1ed /usr/lib/gcc/arm-none-eabi/13.2.1/../../../arm-none-eabi/lib/thumb/v7-m/nofp/libc.a(libc_a-init.o)
 .comment       0x00000000       0x27 /usr/lib/gcc/arm-none-eabi/13.2.1/../../../arm-none-eabi/lib/thumb/v7-m/nofp/libc.a(libc_a-init.o)
 .debug_frame   0x00000000       0x2c /usr/lib/gcc/arm-none-eabi/13.2.1/../../../arm-none-eabi/lib/thumb/v7-m/nofp/libc.a(libc_a-init.o)
 .ARM.attributes
                0x00000000       0x2d /usr/lib/gcc/arm-none-eabi/13.2.1/../../../arm-none-eabi/lib/thumb/v7-m/nofp/libc.a(libc_a-init.o)
 .text          0x00000000       0x1c /usr/lib/gcc/arm-none-eabi/13.2.1/../../../arm-none-eabi/lib/thumb/v7-m/nofp/libc.a(libc_a-exit.o)
 .data          0x00000000        0x0 /usr/lib/gcc/arm-none-eabi/13.2.1/../../../arm-none-eabi/lib/thumb/v7-m/nofp/libc.a(libc_a-exit.o)
 .bss           0x00000000        0x0 /usr/lib/gcc/arm-none-eabi/13.2.1/../../../arm-none-eabi/lib/thumb/v7-m/nofp/libc.a(libc_a-exit.o)
 .debug_info    0x00000000      0x10a /usr/lib/gcc/arm-none-eabi/13.2.1/../../../arm-none-eabi/lib/thumb/v7-m/nofp/libc.a(libc_a-exit.o)
 .debug_abbrev  0x00000000       0xd5 /usr/lib/gcc/arm-none-eabi/13.2.1/../../../arm-none-eabi/lib/thumb/v7-m/nofp/libc.a(libc_a-exit.o)
 .debug_loclists
                0x00000000       0x1b /usr/lib/gcc/arm-none-eabi/13.2.1/../../../arm-none-eabi/lib/thumb/v7-m/nofp/libc.a(libc_a-exit.o)
 .debug_aranges
                0x00000000       0x20 /usr/lib/gcc/arm-none-eabi/13.2.1/../../../arm-none-eabi/lib/thumb/v7-m/nofp/libc.a(libc_a-exit.o)
 .debug_line    0x00000000      0x139 /usr/lib/gcc/arm-none-eabi/13.2.1/../../../arm-none-eabi/lib/thumb/v7-m/nofp/libc.a(libc_a-exit.o)
 .debug_str     0x00000000      0x1b2 /usr/lib/gcc/arm-none-eabi/13.2.1/../../../arm-none-eabi/lib/thumb/v7-m/nofp/libc.a(libc_a-exit.o)
 .comment       0x00000000       0x27 /usr/lib/gcc/arm-none-eabi/13.2.1/../../../arm-none-eabi/lib/thumb/v7-m/nofp/libc.a(libc_a-exit.o)
 .debug_frame   0x00000000       0x28 /usr/lib/gcc/arm-none-eabi/13.2.1/../../../arm-none-eabi/lib/thumb/v7-m/nofp/libc.a(libc_a-exit.o)
 .ARM.attributes
                0x00000000       0x2d /usr/lib/gcc/arm-none-eabi/13.2.1/../../../arm-none-eabi/lib/thumb/v7-m/nofp/libc.a(libc_a-exit.o)
 .text          0x00000000        0xc /usr/lib/gcc/arm-none-eabi/13.2.1/../../../arm-none-eabi/lib/thumb/v7-m/nofp/libc.a(libc_a-atexit.o)
 .data          0x00000000        0x0 /usr/lib/gcc/arm-none-eabi/13.2.1/../../../arm-none-eabi/lib/thumb/v7-m/nofp/libc.a(libc_a-atexit.o)
 .bss           0x00000000        0x0 /usr/lib/gcc/arm-none-eabi/13.2.1/../../../arm-none-eabi/lib/thumb/v7-m/nofp/libc.a(libc_a-atexit.o)
 .debug_info    0x00000000      0x11e /usr/lib/gcc/arm-none-eabi/13.2.1/../../../arm-none-eabi/lib/thumb/v7-m/nofp/libc.a(libc_a-atexit.o)
 .debug_abbrev  0x00000000       0xc1 /usr/lib/gcc/arm-none-eabi/13.2.1/../../../arm-none-eabi/lib/thumb/v7-m/nofp/libc.a(libc_a-atexit.o)
 .debug_loclists
                0x00000000       0x2b /usr/lib/gcc/arm-none-eabi/13.2.1/../../../arm-none-eabi/lib/thumb/v7-m/nofp/libc.a(libc_a-atexit.o)
 .debug_aranges
                0x00000000       0x20 /usr/lib/gcc/arm-none-eabi/13.2.1/../../../arm-none-eabi/lib/thumb/v7-m/nofp/libc.a(libc_a-atexit.o)
 .debug_line    0x00000000       0xc3 /usr/lib/gcc/arm-none-eabi/13.2.1/../../../arm-none-eabi/lib/thumb/v7-m/nofp/libc.a(libc_a-atexit.o)
 .debug_str     0x00000000      0x1c9 /usr/lib/gcc/arm-none-eabi/13.2.1/../../../arm-none-eabi/lib/thumb/v7-m/nofp/libc.a(libc_a-atexit.o)
 .comment       0x00000000       0x27 /usr/lib/gcc/arm-none-eabi/13.2.1/../../../arm-none-eabi/lib/thumb/v7-m/nofp/libc.a(libc_a-atexit.o)
 .debug_frame   0x00000000       0x20 /usr/lib/gcc/arm-none-eabi/13.2.1/../../../arm-none-eabi/lib/thumb/v7-m/nofp/libc.a(libc_a-atexit.o)
 .ARM.attributes
                0x00000000       0x2d /usr/lib/gcc/arm-none-eabi/13.2.1/../../../arm-none-eabi/lib/thumb/v7-m/nofp/libc.a(libc_a-atexit.o)
 .text          0x00000000       0x28 /usr/lib/gcc/arm-none-eabi/13.2.1/../../../arm-none-eabi/lib/thumb/v7-m/nofp/libc.a(libc_a-fini.o)
 .data          0x00000000        0x0 /usr/lib/gcc/arm-none-eabi/13.2.1/../../../arm-none-eabi/lib/thumb/v7-m/nofp/libc.a(libc_a-fini.o)
 .bss           0x00000000        0x0 /usr/lib/gcc/arm-none-eabi/13.2.1/../../../arm-none-eabi/lib/thumb/v7-m/nofp/libc.a(libc_a-fini.o)
 .debug_info    0x00000000       0xf7 /usr/lib/gcc/arm-none-eabi/13.2.1/../../../arm-none-eabi/lib/thumb/v7-m/nofp/libc.a(libc_a-fini.o)
 .debug_abbrev  0x00000000       0xcc /usr/lib/gcc/arm-none-eabi/13.2.1/../../../arm-none-eabi/lib/thumb/v7-m/nofp/libc.a(libc_a-fini.o)
 .debug_loclists
                0x00000000       0x42 /usr/lib/gcc/arm-none-eabi/13.2.1/../../../arm-none-eabi/lib/thumb/v7-m/nofp/libc.a(libc_a-fini.o)
 .debug_aranges
                0x00000000       0x20 /usr/lib/gcc/arm-none-eabi/13.2.1/../../../arm-none-eabi/lib/thumb/v7-m/nofp/libc.a(libc_a-fini.o)
 .debug_line    0x00000000       0xd2 /usr/lib/gcc/arm-none-eabi/13.2.1/../../../arm-none-eabi/lib/thumb/v7-m/nofp/libc.a(libc_a-fini.o)
 .debug_str     0x00000000      0x1c3 /usr/lib/gcc/arm-none-eabi/13.2.1/../../../arm-none-eabi/lib/thumb/v7-m/nofp/libc.a(libc_a-fini.o)
 .comment       0x00000000       0x27 /usr/lib/gcc/arm-none-eabi/13.2.1/../../../arm-none-eabi/lib/thumb/v7-m/nofp/libc.a(libc_a-fini.o)
 .debug_frame   0x00000000       0x34 /usr/lib/gcc/arm-none-eabi/13.2.1/../../../arm-none-eabi/lib/thumb/v7-m/nofp/libc.a(libc_a-fini.o)
 .ARM.attributes
                0x00000000       0x2d /usr/lib/gcc/arm-none-eabi/13.2.1/../../../arm-none-eabi/lib/thumb/v7-m/nofp/libc.a(libc_a-fini.o)
 .text          0x00000000       0xb0 /usr/lib/gcc/arm-none-eabi/13.2.1/../../../arm-none-eabi/lib/thumb/v7-m/nofp/libc.a(libc_a-__call_atexit.o)
 .data          0x00000000        0x0 /usr/lib/gcc/arm-none-eabi/13.2.1/../../../arm-none-eabi/lib/thumb/v7-m/nofp/libc.a(libc_a-__call_atexit.o)
 .bss           0x00000000        0x4 /usr/lib/gcc/arm-none-eabi/13.2.1/../../../arm-none-eabi/lib/thumb/v7-m/nofp/libc.a(libc_a-__call_atexit.o)
 .text.startup  0x00000000       0x14 /usr/lib/gcc/arm-none-eabi/13.2.1/../../../arm-none-eabi/lib/thumb/v7-m/nofp/libc.a(libc_a-__call_atexit.o)
 .init_array.00000
                0x00000000        0x4 /usr/lib/gcc/arm-none-eabi/13.2.1/../../../arm-none-eabi/lib/thumb/v7-m/nofp/libc.a(libc_a-__call_atexit.o)
 .debug_info    0x00000000      0x284 /usr/lib/gcc/arm-none-eabi/13.2.1/../../../arm-none-eabi/lib/thumb/v7-m/nofp/libc.a(libc_a-__call_atexit.o)
 .debug_abbrev  0x00000000      0x1dd /usr/lib/gcc/arm-none-eabi/13.2.1/../../../arm-none-eabi/lib/thumb/v7-m/nofp/libc.a(libc_a-__call_atexit.o)
 .debug_loclists
                0x00000000      0x102 /usr/lib/gcc/arm-none-eabi/13.2.1/../../../arm-none-eabi/lib/thumb/v7-m/nofp/libc.a(libc_a-__call_atexit.o)
 .debug_aranges
                0x00000000       0x28 /usr/lib/gcc/arm-none-eabi/13.2.1/../../../arm-none-eabi/lib/thumb/v7-m/nofp/libc.a(libc_a-__call_atexit.o)
 .debug_rnglists
                0x00000000       0x3a /usr/lib/gcc/arm-none-eabi/13.2.1/../../../arm-none-eabi/lib/thumb/v7-m/nofp/libc.a(libc_a-__call_atexit.o)
 .debug_line    0x00000000      0x286 /usr/lib/gcc/arm-none-eabi/13.2.1/../../../arm-none-eabi/lib/thumb/v7-m/nofp/libc.a(libc_a-__call_atexit.o)
 .debug_str     0x00000000      0x256 /usr/lib/gcc/arm-none-eabi/13.2.1/../../../arm-none-eabi/lib/thumb/v7-m/nofp/libc.a(libc_a-__call_atexit.o)
 .comment       0x00000000       0x27 /usr/lib/gcc/arm-none-eabi/13.2.1/../../../arm-none-eabi/lib/thumb/v7-m/nofp/libc.a(libc_a-__call_atexit.o)
 .debug_frame   0x00000000       0x54 /usr/lib/gcc/arm-none-eabi/13.2.1/../../../arm-none-eabi/lib/thumb/v7-m/nofp/libc.a(libc_a-__call_atexit.o)
 .ARM.attributes
                0x00000000       0x2d /usr/lib/gcc/arm-none-eabi/13.2.1/../../../arm-none-eabi/lib/thumb/v7-m/nofp/libc.a(libc_a-__call_atexit.o)
 .text          0x00000000       0x60 /usr/lib/gcc/arm-none-eabi/13.2.1/../../../arm-none-eabi/lib/thumb/v7-m/nofp/libc.a(libc_a-__atexit.o)
 .data          0x00000000        0x0 /usr/lib/gcc/arm-none-eabi/13.2.1/../../../arm-none-eabi/lib/thumb/v7-m/nofp/libc.a(libc_a-__atexit.o)
 .bss           0x00000000      0x190 /usr/lib/gcc/arm-none-eabi/13.2.1/../../../arm-none-eabi/lib/thumb/v7-m/nofp/libc.a(libc_a-__atexit.o)
 .debug_info    0x00000000      0x1fd /usr/lib/gcc/arm-none-eabi/13.2.1/../../../arm-none-eabi/lib/thumb/v7-m/nofp/libc.a(libc_a-__atexit.o)
 .debug_abbrev  0x00000000      0x157 /usr/lib/gcc/arm-none-eabi/13.2.1/../../../arm-none-eabi/lib/thumb/v7-m/nofp/libc.a(libc_a-__atexit.o)
 .debug_loclists
                0x00000000       0xe9 /usr/lib/gcc/arm-none-eabi/13.2.1/../../../arm-none-eabi/lib/thumb/v7-m/nofp/libc.a(libc_a-__atexit.o)
 .debug_aranges
                0x00000000       0x20 /usr/lib/gcc/arm-none-eabi/13.2.1/../../../arm-none-eabi/lib/thumb/v7-m/nofp/libc.a(libc_a-__atexit.o)
 .debug_line    0x00000000      0x15c /usr/lib/gcc/arm-none-eabi/13.2.1/../../../arm-none-eabi/lib/thumb/v7-m/nofp/libc.a(libc_a-__atexit.o)
 .debug_str     0x00000000      0x234 /usr/lib/gcc/arm-none-eabi/13.2.1/../../../arm-none-eabi/lib/thumb/v7-m/nofp/libc.a(libc_a-__atexit.o)
 .comment       0x00000000       0x27 /usr/lib/gcc/arm-none-eabi/13.2.1/../../../arm-none-eabi/lib/thumb/v7-m/nofp/libc.a(libc_a-__atexit.o)
 .debug_frame   0x00000000       0x2c /usr/lib/gcc/arm-none-eabi/13.2.1/../../../arm-none-eabi/lib/thumb/v7-m/nofp/libc.a(libc_a-__atexit.o)
 .ARM.attributes
                0x00000000       0x2d /usr/lib/gcc/arm-none-eabi/13.2.1/../../../arm-none-eabi/lib/thumb/v7-m/nofp/libc.a(libc_a-__atexit.o)
 .text          0x00000000      0x224 /usr/lib/gcc/arm-none-eabi/13.2.1/../../../arm-none-eabi/lib/thumb/v7-m/nofp/libc.a(libc_a-findfp.o)
 .data          0x00000000        0xc /usr/lib/gcc/arm-none-eabi/13.2.1/../../../arm-none-eabi/lib/thumb/v7-m/nofp/libc.a(libc_a-findfp.o)
 .bss           0x00000000      0x13c /usr/lib/gcc/arm-none-eabi/13.2.1/../../../arm-none-eabi/lib/thumb/v7-m/nofp/libc.a(libc_a-findfp.o)
 .debug_info    0x00000000      0xea8 /usr/lib/gcc/arm-none-eabi/13.2.1/../../../arm-none-eabi/lib/thumb/v7-m/nofp/libc.a(libc_a-findfp.o)
 .debug_abbrev  0x00000000      0x446 /usr/lib/gcc/arm-none-eabi/13.2.1/../../../arm-none-eabi/lib/thumb/v7-m/nofp/libc.a(libc_a-findfp.o)
 .debug_loclists
                0x00000000      0x1d0 /usr/lib/gcc/arm-none-eabi/13.2.1/../../../arm-none-eabi/lib/thumb/v7-m/nofp/libc.a(libc_a-findfp.o)
 .debug_aranges
                0x00000000       0x20 /usr/lib/gcc/arm-none-eabi/13.2.1/../../../arm-none-eabi/lib/thumb/v7-m/nofp/libc.a(libc_a-findfp.o)
 .debug_rnglists
                0x00000000       0x7a /usr/lib/gcc/arm-none-eabi/13.2.1/../../../arm-none-eabi/lib/thumb/v7-m/nofp/libc.a(libc_a-findfp.o)
 .debug_line    0x00000000      0x51f /usr/lib/gcc/arm-none-eabi/13.2.1/../../../arm-none-eabi/lib/thumb/v7-m/nofp/libc.a(libc_a-findfp.o)
 .debug_str     0x00000000      0x6a7 /usr/lib/gcc/arm-none-eabi/13.2.1/../../../arm-none-eabi/lib/thumb/v7-m/nofp/libc.a(libc_a-findfp.o)
 .comment       0x00000000       0x27 /usr/lib/gcc/arm-none-eabi/13.2.1/../../../arm-none-eabi/lib/thumb/v7-m/nofp/libc.a(libc_a-findfp.o)
 .debug_frame   0x00000000       0xf4 /usr/lib/gcc/arm-none-eabi/13.2.1/../../../arm-none-eabi/lib/thumb/v7-m/nofp/libc.a(libc_a-findfp.o)
 .ARM.attributes
                0x00000000       0x2d /usr/lib/gcc/arm-none-eabi/13.2.1/../../../arm-none-eabi/lib/thumb/v7-m/nofp/libc.a(libc_a-findfp.o)
 .text          0x00000000       0x44 /usr/lib/gcc/arm-none-eabi/13.2.1/../../../arm-none-eabi/lib/thumb/v7-m/nofp/libc.a(libc_a-fwalk.o)
 .data          0x00000000        0x0 /usr/lib/gcc/arm-none-eabi/13.2.1/../../../arm-none-eabi/lib/thumb/v7-m/nofp/libc.a(libc_a-fwalk.o)
 .bss           0x00000000        0x0 /usr/lib/gcc/arm-none-eabi/13.2.1/../../../arm-none-eabi/lib/thumb/v7-m/nofp/libc.a(libc_a-fwalk.o)
 .debug_info    0x00000000      0x7e4 /usr/lib/gcc/arm-none-eabi/13.2.1/../../../arm-none-eabi/lib/thumb/v7-m/nofp/libc.a(libc_a-fwalk.o)
 .debug_abbrev  0x00000000      0x1d9 /usr/lib/gcc/arm-none-eabi/13.2.1/../../../arm-none-eabi/lib/thumb/v7-m/nofp/libc.a(libc_a-fwalk.o)
 .debug_loclists
                0x00000000       0x79 /usr/lib/gcc/arm-none-eabi/13.2.1/../../../arm-none-eabi/lib/thumb/v7-m/nofp/libc.a(libc_a-fwalk.o)
 .debug_aranges
                0x00000000       0x20 /usr/lib/gcc/arm-none-eabi/13.2.1/../../../arm-none-eabi/lib/thumb/v7-m/nofp/libc.a(libc_a-fwalk.o)
 .debug_line    0x00000000      0x1c9 /usr/lib/gcc/arm-none-eabi/13.2.1/../../../arm-none-eabi/lib/thumb/v7-m/nofp/libc.a(libc_a-fwalk.o)
 .debug_str     0x00000000      0x4af /usr/lib/gcc/arm-none-eabi/13.2.1/../../../arm-none-eabi/lib/thumb/v7-m/nofp/libc.a(libc_a-fwalk.o)
 .comment       0x00000000       0x27 /usr/lib/gcc/arm-none-eabi/13.2.1/../../../arm-none-eabi/lib/thumb/v7-m/nofp/libc.a(libc_a-fwalk.o)
 .debug_frame   0x00000000       0x34 /usr/lib/gcc/arm-none-eabi/13.2.1/../../../arm-none-eabi/lib/thumb/v7-m/nofp/libc.a(libc_a-fwalk.o)
 .ARM.attributes
                0x00000000       0x2d /usr/lib/gcc/arm-none-eabi/13.2.1/../../../arm-none-eabi/lib/thumb/v7-m/nofp/libc.a(libc_a-fwalk.o)
 .text          0x00000000        0x0 /usr/lib/gcc/arm-none-eabi/13.2.1/../../../arm-none-eabi/lib/thumb/v7-m/nofp/libc.a(libc_a-impure.o)
 .data          0x00000000      0x128 /usr/lib/gcc/arm-none-eabi/13.2.1/../../../arm-none-eabi/lib/thumb/v7-m/nofp/libc.a(libc_a-impure.o)
 .bss           0x00000000        0x0 /usr/lib/gcc/arm-none-eabi/13.2.1/../../../arm-none-eabi/lib/thumb/v7-m/nofp/libc.a(libc_a-impure.o)
 .debug_info    0x00000000      0x729 /usr/lib/gcc/arm-none-eabi/13.2.1/../../../arm-none-eabi/lib/thumb/v7-m/nofp/libc.a(libc_a-impure.o)
 .debug_abbrev  0x00000000      0x185 /usr/lib/gcc/arm-none-eabi/13.2.1/../../../arm-none-eabi/lib/thumb/v7-m/nofp/libc.a(libc_a-impure.o)
 .debug_aranges
                0x00000000       0x18 /usr/lib/gcc/arm-none-eabi/13.2.1/../../../arm-none-eabi/lib/thumb/v7-m/nofp/libc.a(libc_a-impure.o)
 .debug_line    0x00000000       0xe7 /usr/lib/gcc/arm-none-eabi/13.2.1/../../../arm-none-eabi/lib/thumb/v7-m/nofp/libc.a(libc_a-impure.o)
 .debug_str     0x00000000      0x4a4 /usr/lib/gcc/arm-none-eabi/13.2.1/../../../arm-none-eabi/lib/thumb/v7-m/nofp/libc.a(libc_a-impure.o)
 .comment       0x00000000       0x27 /usr/lib/gcc/arm-none-eabi/13.2.1/../../../arm-none-eabi/lib/thumb/v7-m/nofp/libc.a(libc_a-impure.o)
 .ARM.attributes
                0x00000000       0x2d /usr/lib/gcc/arm-none-eabi/13.2.1/../../../arm-none-eabi/lib/thumb/v7-m/nofp/libc.a(libc_a-impure.o)
 .text          0x00000000      0x55c /usr/lib/gcc/arm-none-eabi/13.2.1/../../../arm-none-eabi/lib/thumb/v7-m/nofp/libc.a(libc_a-mallocr.o)
 .data          0x00000000      0x410 /usr/lib/gcc/arm-none-eabi/13.2.1/../../../arm-none-eabi/lib/thumb/v7-m/nofp/libc.a(libc_a-mallocr.o)
 .bss           0x00000000       0x34 /usr/lib/gcc/arm-none-eabi/13.2.1/../../../arm-none-eabi/lib/thumb/v7-m/nofp/libc.a(libc_a-mallocr.o)
 .debug_info    0x00000000      0xcd9 /usr/lib/gcc/arm-none-eabi/13.2.1/../../../arm-none-eabi/lib/thumb/v7-m/nofp/libc.a(libc_a-mallocr.o)
 .debug_abbrev  0x00000000      0x2d7 /usr/lib/gcc/arm-none-eabi/13.2.1/../../../arm-none-eabi/lib/thumb/v7-m/nofp/libc.a(libc_a-mallocr.o)
 .debug_loclists
                0x00000000      0x9fa /usr/lib/gcc/arm-none-eabi/13.2.1/../../../arm-none-eabi/lib/thumb/v7-m/nofp/libc.a(libc_a-mallocr.o)
 .debug_aranges
                0x00000000       0x20 /usr/lib/gcc/arm-none-eabi/13.2.1/../../../arm-none-eabi/lib/thumb/v7-m/nofp/libc.a(libc_a-mallocr.o)
 .debug_rnglists
                0x00000000       0x2b /usr/lib/gcc/arm-none-eabi/13.2.1/../../../arm-none-eabi/lib/thumb/v7-m/nofp/libc.a(libc_a-mallocr.o)
 .debug_line    0x00000000      0x8eb /usr/lib/gcc/arm-none-eabi/13.2.1/../../../arm-none-eabi/lib/thumb/v7-m/nofp/libc.a(libc_a-mallocr.o)
 .debug_str     0x00000000      0x6c7 /usr/lib/gcc/arm-none-eabi/13.2.1/../../../arm-none-eabi/lib/thumb/v7-m/nofp/libc.a(libc_a-mallocr.o)
 .comment       0x00000000       0x27 /usr/lib/gcc/arm-none-eabi/13.2.1/../../../arm-none-eabi/lib/thumb/v7-m/nofp/libc.a(libc_a-mallocr.o)
 .debug_frame   0x00000000       0x48 /usr/lib/gcc/arm-none-eabi/13.2.1/../../../arm-none-eabi/lib/thumb/v7-m/nofp/libc.a(libc_a-mallocr.o)
 .ARM.attributes
                0x00000000       0x2d /usr/lib/gcc/arm-none-eabi/13.2.1/../../../arm-none-eabi/lib/thumb/v7-m/nofp/libc.a(libc_a-mallocr.o)
 .text          0x00000000      0x2b0 /usr/lib/gcc/arm-none-eabi/13.2.1/../../../arm-none-eabi/lib/thumb/v7-m/nofp/libc.a(libc_a-freer.o)
 .data          0x00000000        0x0 /usr/lib/gcc/arm-none-eabi/13.2.1/../../../arm-none-eabi/lib/thumb/v7-m/nofp/libc.a(libc_a-freer.o)
 .bss           0x00000000        0x0 /usr/lib/gcc/arm-none-eabi/13.2.1/../../../arm-none-eabi/lib/thumb/v7-m/nofp/libc.a(libc_a-freer.o)
 .debug_info    0x00000000      0xb55 /usr/lib/gcc/arm-none-eabi/13.2.1/../../../arm-none-eabi/lib/thumb/v7-m/nofp/libc.a(libc_a-freer.o)
 .debug_abbrev  0x00000000      0x27f /usr/lib/gcc/arm-none-eabi/13.2.1/../../../arm-none-eabi/lib/thumb/v7-m/nofp/libc.a(libc_a-freer.o)
 .debug_loclists
                0x00000000      0x464 /usr/lib/gcc/arm-none-eabi/13.2.1/../../../arm-none-eabi/lib/thumb/v7-m/nofp/libc.a(libc_a-freer.o)
 .debug_aranges
                0x00000000       0x20 /usr/lib/gcc/arm-none-eabi/13.2.1/../../../arm-none-eabi/lib/thumb/v7-m/nofp/libc.a(libc_a-freer.o)
 .debug_line    0x00000000      0x545 /usr/lib/gcc/arm-none-eabi/13.2.1/../../../arm-none-eabi/lib/thumb/v7-m/nofp/libc.a(libc_a-freer.o)
 .debug_str     0x00000000      0x60f /usr/lib/gcc/arm-none-eabi/13.2.1/../../../arm-none-eabi/lib/thumb/v7-m/nofp/libc.a(libc_a-freer.o)
 .comment       0x00000000       0x27 /usr/lib/gcc/arm-none-eabi/13.2.1/../../../arm-none-eabi/lib/thumb/v7-m/nofp/libc.a(libc_a-freer.o)
 .debug_frame   0x00000000       0x78 /usr/lib/gcc/arm-none-eabi/13.2.1/../../../arm-none-eabi/lib/thumb/v7-m/nofp/libc.a(libc_a-freer.o)
 .ARM.attributes
                0x00000000       0x2d /usr/lib/gcc/arm-none-eabi/13.2.1/../../../arm-none-eabi/lib/thumb/v7-m/nofp/libc.a(libc_a-freer.o)
 .text          0x00000000       0x90 /usr/lib/gcc/arm-none-eabi/13.2.1/../../../arm-none-eabi/lib/thumb/v7-m/nofp/libc.a(libc_a-fclose.o)
 .data          0x00000000        0x0 /usr/lib/gcc/arm-none-eabi/13.2.1/../../../arm-none-eabi/lib/thumb/v7-m/nofp/libc.a(libc_a-fclose.o)
 .bss           0x00000000        0x0 /usr/lib/gcc/arm-none-eabi/13.2.1/../../../arm-none-eabi/lib/thumb/v7-m/nofp/libc.a(libc_a-fclose.o)
 .debug_info    0x00000000      0x8e6 /usr/lib/gcc/arm-none-eabi/13.2.1/../../../arm-none-eabi/lib/thumb/v7-m/nofp/libc.a(libc_a-fclose.o)
 .debug_abbrev  0x00000000      0x2ed /usr/lib/gcc/arm-none-eabi/13.2.1/../../../arm-none-eabi/lib/thumb/v7-m/nofp/libc.a(libc_a-fclose.o)
 .debug_loclists
                0x00000000       0xf7 /usr/lib/gcc/arm-none-eabi/13.2.1/../../../arm-none-eabi/lib/thumb/v7-m/nofp/libc.a(libc_a-fclose.o)
 .debug_aranges
                0x00000000       0x20 /usr/lib/gcc/arm-none-eabi/13.2.1/../../../arm-none-eabi/lib/thumb/v7-m/nofp/libc.a(libc_a-fclose.o)
 .debug_rnglists
                0x00000000       0x1b /usr/lib/gcc/arm-none-eabi/13.2.1/../../../arm-none-eabi/lib/thumb/v7-m/nofp/libc.a(libc_a-fclose.o)
 .debug_line    0x00000000      0x24c /usr/lib/gcc/arm-none-eabi/13.2.1/../../../arm-none-eabi/lib/thumb/v7-m/nofp/libc.a(libc_a-fclose.o)
 .debug_str     0x00000000      0x4fe /usr/lib/gcc/arm-none-eabi/13.2.1/../../../arm-none-eabi/lib/thumb/v7-m/nofp/libc.a(libc_a-fclose.o)
 .comment       0x00000000       0x27 /usr/lib/gcc/arm-none-eabi/13.2.1/../../../arm-none-eabi/lib/thumb/v7-m/nofp/libc.a(libc_a-fclose.o)
 .debug_frame   0x00000000       0x3c /usr/lib/gcc/arm-none-eabi/13.2.1/../../../arm-none-eabi/lib/thumb/v7-m/nofp/libc.a(libc_a-fclose.o)
 .ARM.attributes
                0x00000000       0x2d /usr/lib/gcc/arm-none-eabi/13.2.1/../../../arm-none-eabi/lib/thumb/v7-m/nofp/libc.a(libc_a-fclose.o)
 .text          0x00000000       0x1c /usr/lib/gcc/arm-none-eabi/13.2.1/../../../arm-none-eabi/lib/thumb/v7-m/nofp/libc.a(libc_a-sysconf.o)
 .data          0x00000000        0x0 /usr/lib/gcc/arm-none-eabi/13.2.1/../../../arm-none-eabi/lib/thumb/v7-m/nofp/libc.a(libc_a-sysconf.o)
 .bss           0x00000000        0x0 /usr/lib/gcc/arm-none-eabi/13.2.1/../../../arm-none-eabi/lib/thumb/v7-m/nofp/libc.a(libc_a-sysconf.o)
 .debug_info    0x00000000       0xc1 /usr/lib/gcc/arm-none-eabi/13.2.1/../../../arm-none-eabi/lib/thumb/v7-m/nofp/libc.a(libc_a-sysconf.o)
 .debug_abbrev  0x00000000       0x80 /usr/lib/gcc/arm-none-eabi/13.2.1/../../../arm-none-eabi/lib/thumb/v7-m/nofp/libc.a(libc_a-sysconf.o)
 .debug_loclists
                0x00000000       0x3b /usr/lib/gcc/arm-none-eabi/13.2.1/../../../arm-none-eabi/lib/thumb/v7-m/nofp/libc.a(libc_a-sysconf.o)
 .debug_aranges
                0x00000000       0x20 /usr/lib/gcc/arm-none-eabi/13.2.1/../../../arm-none-eabi/lib/thumb/v7-m/nofp/libc.a(libc_a-sysconf.o)
 .debug_line    0x00000000       0xf0 /usr/lib/gcc/arm-none-eabi/13.2.1/../../../arm-none-eabi/lib/thumb/v7-m/nofp/libc.a(libc_a-sysconf.o)
 .debug_str     0x00000000      0x195 /usr/lib/gcc/arm-none-eabi/13.2.1/../../../arm-none-eabi/lib/thumb/v7-m/nofp/libc.a(libc_a-sysconf.o)
 .comment       0x00000000       0x27 /usr/lib/gcc/arm-none-eabi/13.2.1/../../../arm-none-eabi/lib/thumb/v7-m/nofp/libc.a(libc_a-sysconf.o)
 .debug_frame   0x00000000       0x28 /usr/lib/gcc/arm-none-eabi/13.2.1/../../../arm-none-eabi/lib/thumb/v7-m/nofp/libc.a(libc_a-sysconf.o)
 .ARM.attributes
                0x00000000       0x2d /usr/lib/gcc/arm-none-eabi/13.2.1/../../../arm-none-eabi/lib/thumb/v7-m/nofp/libc.a(libc_a-sysconf.o)
 .text          0x00000000       0x94 /usr/lib/gcc/arm-none-eabi/13.2.1/../../../arm-none-eabi/lib/thumb/v7-m/nofp/libc.a(libc_a-stdio.o)
 .data          0x00000000        0x0 /usr/lib/gcc/arm-none-eabi/13.2.1/../../../arm-none-eabi/lib/thumb/v7-m/nofp/libc.a(libc_a-stdio.o)
 .bss           0x00000000        0x0 /usr/lib/gcc/arm-none-eabi/13.2.1/../../../arm-none-eabi/lib/thumb/v7-m/nofp/libc.a(libc_a-stdio.o)
 .debug_info    0x00000000      0xa9e /usr/lib/gcc/arm-none-eabi/13.2.1/../../../arm-none-eabi/lib/thumb/v7-m/nofp/libc.a(libc_a-stdio.o)
 .debug_abbrev  0x00000000      0x260 /usr/lib/gcc/arm-none-eabi/13.2.1/../../../arm-none-eabi/lib/thumb/v7-m/nofp/libc.a(libc_a-stdio.o)
 .debug_loclists
                0x00000000      0x23b /usr/lib/gcc/arm-none-eabi/13.2.1/../../../arm-none-eabi/lib/thumb/v7-m/nofp/libc.a(libc_a-stdio.o)
 .debug_aranges
                0x00000000       0x20 /usr/lib/gcc/arm-none-eabi/13.2.1/../../../arm-none-eabi/lib/thumb/v7-m/nofp/libc.a(libc_a-stdio.o)
 .debug_line    0x00000000      0x22b /usr/lib/gcc/arm-none-eabi/13.2.1/../../../arm-none-eabi/lib/thumb/v7-m/nofp/libc.a(libc_a-stdio.o)
 .debug_str     0x00000000      0x50c /usr/lib/gcc/arm-none-eabi/13.2.1/../../../arm-none-eabi/lib/thumb/v7-m/nofp/libc.a(libc_a-stdio.o)
 .comment       0x00000000       0x27 /usr/lib/gcc/arm-none-eabi/13.2.1/../../../arm-none-eabi/lib/thumb/v7-m/nofp/libc.a(libc_a-stdio.o)
 .debug_frame   0x00000000       0x8c /usr/lib/gcc/arm-none-eabi/13.2.1/../../../arm-none-eabi/lib/thumb/v7-m/nofp/libc.a(libc_a-stdio.o)
 .ARM.attributes
                0x00000000       0x2d /usr/lib/gcc/arm-none-eabi/13.2.1/../../../arm-none-eabi/lib/thumb/v7-m/nofp/libc.a(libc_a-stdio.o)
 .text          0x00000000       0x2c /usr/lib/gcc/arm-none-eabi/13.2.1/../../../arm-none-eabi/lib/thumb/v7-m/nofp/libc.a(libc_a-writer.o)
 .data          0x00000000        0x0 /usr/lib/gcc/arm-none-eabi/13.2.1/../../../arm-none-eabi/lib/thumb/v7-m/nofp/libc.a(libc_a-writer.o)
 .bss           0x00000000        0x0 /usr/lib/gcc/arm-none-eabi/13.2.1/../../../arm-none-eabi/lib/thumb/v7-m/nofp/libc.a(libc_a-writer.o)
 .debug_info    0x00000000      0x7d9 /usr/lib/gcc/arm-none-eabi/13.2.1/../../../arm-none-eabi/lib/thumb/v7-m/nofp/libc.a(libc_a-writer.o)
 .debug_abbrev  0x00000000      0x1f1 /usr/lib/gcc/arm-none-eabi/13.2.1/../../../arm-none-eabi/lib/thumb/v7-m/nofp/libc.a(libc_a-writer.o)
 .debug_loclists
                0x00000000       0x97 /usr/lib/gcc/arm-none-eabi/13.2.1/../../../arm-none-eabi/lib/thumb/v7-m/nofp/libc.a(libc_a-writer.o)
 .debug_aranges
                0x00000000       0x20 /usr/lib/gcc/arm-none-eabi/13.2.1/../../../arm-none-eabi/lib/thumb/v7-m/nofp/libc.a(libc_a-writer.o)
 .debug_line    0x00000000      0x19d /usr/lib/gcc/arm-none-eabi/13.2.1/../../../arm-none-eabi/lib/thumb/v7-m/nofp/libc.a(libc_a-writer.o)
 .debug_str     0x00000000      0x4a5 /usr/lib/gcc/arm-none-eabi/13.2.1/../../../arm-none-eabi/lib/thumb/v7-m/nofp/libc.a(libc_a-writer.o)
 .comment       0x00000000       0x27 /usr/lib/gcc/arm-none-eabi/13.2.1/../../../arm-none-eabi/lib/thumb/v7-m/nofp/libc.a(libc_a-writer.o)
 .debug_frame   0x00000000       0x2c /usr/lib/gcc/arm-none-eabi/13.2.1/../../../arm-none-eabi/lib/thumb/v7-m/nofp/libc.a(libc_a-writer.o)
 .ARM.attributes
                0x00000000       0x2d /usr/lib/gcc/arm-none-eabi/13.2.1/../../../arm-none-eabi/lib/thumb/v7-m/nofp/libc.a(libc_a-writer.o)
 .text          0x00000000        0x8 /usr/lib/gcc/arm-none-eabi/13.2.1/../../../arm-none-eabi/lib/thumb/v7-m/nofp/libc.a(libc_a-mlock.o)
 .data          0x00000000        0x0 /usr/lib/gcc/arm-none-eabi/13.2.1/../../../arm-none-eabi/lib/thumb/v7-m/nofp/libc.a(libc_a-mlock.o)
 .bss           0x00000000        0x0 /usr/lib/gcc/arm-none-eabi/13.2.1/../../../arm-none-eabi/lib/thumb/v7-m/nofp/libc.a(libc_a-mlock.o)
 .debug_info    0x00000000      0x73a /usr/lib/gcc/arm-none-eabi/13.2.1/../../../arm-none-eabi/lib/thumb/v7-m/nofp/libc.a(libc_a-mlock.o)
 .debug_abbrev  0x00000000      0x1ce /usr/lib/gcc/arm-none-eabi/13.2.1/../../../arm-none-eabi/lib/thumb/v7-m/nofp/libc.a(libc_a-mlock.o)
 .debug_aranges
                0x00000000       0x20 /usr/lib/gcc/arm-none-eabi/13.2.1/../../../arm-none-eabi/lib/thumb/v7-m/nofp/libc.a(libc_a-mlock.o)
 .debug_line    0x00000000      0x153 /usr/lib/gcc/arm-none-eabi/13.2.1/../../../arm-none-eabi/lib/thumb/v7-m/nofp/libc.a(libc_a-mlock.o)
 .debug_str     0x00000000      0x4bd /usr/lib/gcc/arm-none-eabi/13.2.1/../../../arm-none-eabi/lib/thumb/v7-m/nofp/libc.a(libc_a-mlock.o)
 .comment       0x00000000       0x27 /usr/lib/gcc/arm-none-eabi/13.2.1/../../../arm-none-eabi/lib/thumb/v7-m/nofp/libc.a(libc_a-mlock.o)
 .debug_frame   0x00000000       0x30 /usr/lib/gcc/arm-none-eabi/13.2.1/../../../arm-none-eabi/lib/thumb/v7-m/nofp/libc.a(libc_a-mlock.o)
 .ARM.attributes
                0x00000000       0x2d /usr/lib/gcc/arm-none-eabi/13.2.1/../../../arm-none-eabi/lib/thumb/v7-m/nofp/libc.a(libc_a-mlock.o)
 .text          0x00000000       0x24 /usr/lib/gcc/arm-none-eabi/13.2.1/../../../arm-none-eabi/lib/thumb/v7-m/nofp/libc.a(libc_a-sbrkr.o)
 .data          0x00000000        0x0 /usr/lib/gcc/arm-none-eabi/13.2.1/../../../arm-none-eabi/lib/thumb/v7-m/nofp/libc.a(libc_a-sbrkr.o)
 .bss           0x00000000        0x0 /usr/lib/gcc/arm-none-eabi/13.2.1/../../../arm-none-eabi/lib/thumb/v7-m/nofp/libc.a(libc_a-sbrkr.o)
 .debug_info    0x00000000      0x796 /usr/lib/gcc/arm-none-eabi/13.2.1/../../../arm-none-eabi/lib/thumb/v7-m/nofp/libc.a(libc_a-sbrkr.o)
 .debug_abbrev  0x00000000      0x216 /usr/lib/gcc/arm-none-eabi/13.2.1/../../../arm-none-eabi/lib/thumb/v7-m/nofp/libc.a(libc_a-sbrkr.o)
 .debug_loclists
                0x00000000       0x4b /usr/lib/gcc/arm-none-eabi/13.2.1/../../../arm-none-eabi/lib/thumb/v7-m/nofp/libc.a(libc_a-sbrkr.o)
 .debug_aranges
                0x00000000       0x20 /usr/lib/gcc/arm-none-eabi/13.2.1/../../../arm-none-eabi/lib/thumb/v7-m/nofp/libc.a(libc_a-sbrkr.o)
 .debug_line    0x00000000      0x196 /usr/lib/gcc/arm-none-eabi/13.2.1/../../../arm-none-eabi/lib/thumb/v7-m/nofp/libc.a(libc_a-sbrkr.o)
 .debug_str     0x00000000      0x4a8 /usr/lib/gcc/arm-none-eabi/13.2.1/../../../arm-none-eabi/lib/thumb/v7-m/nofp/libc.a(libc_a-sbrkr.o)
 .comment       0x00000000       0x27 /usr/lib/gcc/arm-none-eabi/13.2.1/../../../arm-none-eabi/lib/thumb/v7-m/nofp/libc.a(libc_a-sbrkr.o)
 .debug_frame   0x00000000       0x2c /usr/lib/gcc/arm-none-eabi/13.2.1/../../../arm-none-eabi/lib/thumb/v7-m/nofp/libc.a(libc_a-sbrkr.o)
 .ARM.attributes
                0x00000000       0x2d /usr/lib/gcc/arm-none-eabi/13.2.1/../../../arm-none-eabi/lib/thumb/v7-m/nofp/libc.a(libc_a-sbrkr.o)
 .text          0x00000000       0x24 /usr/lib/gcc/arm-none-eabi/13.2.1/../../../arm-none-eabi/lib/thumb/v7-m/nofp/libc.a(libc_a-closer.o)
 .data          0x00000000        0x0 /usr/lib/gcc/arm-none-eabi/13.2.1/../../../arm-none-eabi/lib/thumb/v7-m/nofp/libc.a(libc_a-closer.o)
 .bss           0x00000000        0x0 /usr/lib/gcc/arm-none-eabi/13.2.1/../../../arm-none-eabi/lib/thumb/v7-m/nofp/libc.a(libc_a-closer.o)
 .debug_info    0x00000000      0x770 /usr/lib/gcc/arm-none-eabi/13.2.1/../../../arm-none-eabi/lib/thumb/v7-m/nofp/libc.a(libc_a-closer.o)
 .debug_abbrev  0x00000000      0x1ec /usr/lib/gcc/arm-none-eabi/13.2.1/../../../arm-none-eabi/lib/thumb/v7-m/nofp/libc.a(libc_a-closer.o)
 .debug_loclists
                0x00000000       0x4b /usr/lib/gcc/arm-none-eabi/13.2.1/../../../arm-none-eabi/lib/thumb/v7-m/nofp/libc.a(libc_a-closer.o)
 .debug_aranges
                0x00000000       0x20 /usr/lib/gcc/arm-none-eabi/13.2.1/../../../arm-none-eabi/lib/thumb/v7-m/nofp/libc.a(libc_a-closer.o)
 .debug_line    0x00000000      0x196 /usr/lib/gcc/arm-none-eabi/13.2.1/../../../arm-none-eabi/lib/thumb/v7-m/nofp/libc.a(libc_a-closer.o)
 .debug_str     0x00000000      0x495 /usr/lib/gcc/arm-none-eabi/13.2.1/../../../arm-none-eabi/lib/thumb/v7-m/nofp/libc.a(libc_a-closer.o)
 .comment       0x00000000       0x27 /usr/lib/gcc/arm-none-eabi/13.2.1/../../../arm-none-eabi/lib/thumb/v7-m/nofp/libc.a(libc_a-closer.o)
 .debug_frame   0x00000000       0x2c /usr/lib/gcc/arm-none-eabi/13.2.1/../../../arm-none-eabi/lib/thumb/v7-m/nofp/libc.a(libc_a-closer.o)
 .ARM.attributes
                0x00000000       0x2d /usr/lib/gcc/arm-none-eabi/13.2.1/../../../arm-none-eabi/lib/thumb/v7-m/nofp/libc.a(libc_a-closer.o)
 .text          0x00000000      0x19c /usr/lib/gcc/arm-none-eabi/13.2.1/../../../arm-none-eabi/lib/thumb/v7-m/nofp/libc.a(libc_a-fflush.o)
 .data          0x00000000        0x0 /usr/lib/gcc/arm-none-eabi/13.2.1/../../../arm-none-eabi/lib/thumb/v7-m/nofp/libc.a(libc_a-fflush.o)
 .bss           0x00000000        0x0 /usr/lib/gcc/arm-none-eabi/13.2.1/../../../arm-none-eabi/lib/thumb/v7-m/nofp/libc.a(libc_a-fflush.o)
 .debug_info    0x00000000      0xa4c /usr/lib/gcc/arm-none-eabi/13.2.1/../../../arm-none-eabi/lib/thumb/v7-m/nofp/libc.a(libc_a-fflush.o)
 .debug_abbrev  0x00000000      0x31f /usr/lib/gcc/arm-none-eabi/13.2.1/../../../arm-none-eabi/lib/thumb/v7-m/nofp/libc.a(libc_a-fflush.o)
 .debug_loclists
                0x00000000      0x2a4 /usr/lib/gcc/arm-none-eabi/13.2.1/../../../arm-none-eabi/lib/thumb/v7-m/nofp/libc.a(libc_a-fflush.o)
 .debug_aranges
                0x00000000       0x20 /usr/lib/gcc/arm-none-eabi/13.2.1/../../../arm-none-eabi/lib/thumb/v7-m/nofp/libc.a(libc_a-fflush.o)
 .debug_rnglists
                0x00000000       0x59 /usr/lib/gcc/arm-none-eabi/13.2.1/../../../arm-none-eabi/lib/thumb/v7-m/nofp/libc.a(libc_a-fflush.o)
 .debug_line    0x00000000      0x467 /usr/lib/gcc/arm-none-eabi/13.2.1/../../../arm-none-eabi/lib/thumb/v7-m/nofp/libc.a(libc_a-fflush.o)
 .debug_str     0x00000000      0x526 /usr/lib/gcc/arm-none-eabi/13.2.1/../../../arm-none-eabi/lib/thumb/v7-m/nofp/libc.a(libc_a-fflush.o)
 .comment       0x00000000       0x27 /usr/lib/gcc/arm-none-eabi/13.2.1/../../../arm-none-eabi/lib/thumb/v7-m/nofp/libc.a(libc_a-fflush.o)
 .debug_frame   0x00000000       0x88 /usr/lib/gcc/arm-none-eabi/13.2.1/../../../arm-none-eabi/lib/thumb/v7-m/nofp/libc.a(libc_a-fflush.o)
 .ARM.attributes
                0x00000000       0x2d /usr/lib/gcc/arm-none-eabi/13.2.1/../../../arm-none-eabi/lib/thumb/v7-m/nofp/libc.a(libc_a-fflush.o)
 .text          0x00000000        0xc /usr/lib/gcc/arm-none-eabi/13.2.1/../../../arm-none-eabi/lib/thumb/v7-m/nofp/libc.a(libc_a-errno.o)
 .data          0x00000000        0x0 /usr/lib/gcc/arm-none-eabi/13.2.1/../../../arm-none-eabi/lib/thumb/v7-m/nofp/libc.a(libc_a-errno.o)
 .bss           0x00000000        0x0 /usr/lib/gcc/arm-none-eabi/13.2.1/../../../arm-none-eabi/lib/thumb/v7-m/nofp/libc.a(libc_a-errno.o)
 .debug_info    0x00000000      0x70f /usr/lib/gcc/arm-none-eabi/13.2.1/../../../arm-none-eabi/lib/thumb/v7-m/nofp/libc.a(libc_a-errno.o)
 .debug_abbrev  0x00000000      0x19a /usr/lib/gcc/arm-none-eabi/13.2.1/../../../arm-none-eabi/lib/thumb/v7-m/nofp/libc.a(libc_a-errno.o)
 .debug_aranges
                0x00000000       0x20 /usr/lib/gcc/arm-none-eabi/13.2.1/../../../arm-none-eabi/lib/thumb/v7-m/nofp/libc.a(libc_a-errno.o)
 .debug_line    0x00000000      0x10c /usr/lib/gcc/arm-none-eabi/13.2.1/../../../arm-none-eabi/lib/thumb/v7-m/nofp/libc.a(libc_a-errno.o)
 .debug_str     0x00000000      0x499 /usr/lib/gcc/arm-none-eabi/13.2.1/../../../arm-none-eabi/lib/thumb/v7-m/nofp/libc.a(libc_a-errno.o)
 .comment       0x00000000       0x27 /usr/lib/gcc/arm-none-eabi/13.2.1/../../../arm-none-eabi/lib/thumb/v7-m/nofp/libc.a(libc_a-errno.o)
 .debug_frame   0x00000000       0x20 /usr/lib/gcc/arm-none-eabi/13.2.1/../../../arm-none-eabi/lib/thumb/v7-m/nofp/libc.a(libc_a-errno.o)
 .ARM.attributes
                0x00000000       0x2d /usr/lib/gcc/arm-none-eabi/13.2.1/../../../arm-none-eabi/lib/thumb/v7-m/nofp/libc.a(libc_a-errno.o)
 .text          0x00000000       0x2c /usr/lib/gcc/arm-none-eabi/13.2.1/../../../arm-none-eabi/lib/thumb/v7-m/nofp/libc.a(libc_a-readr.o)
 .data          0x00000000        0x0 /usr/lib/gcc/arm-none-eabi/13.2.1/../../../arm-none-eabi/lib/thumb/v7-m/nofp/libc.a(libc_a-readr.o)
 .bss           0x00000000        0x0 /usr/lib/gcc/arm-none-eabi/13.2.1/../../../arm-none-eabi/lib/thumb/v7-m/nofp/libc.a(libc_a-readr.o)
 .debug_info    0x00000000      0x7d3 /usr/lib/gcc/arm-none-eabi/13.2.1/../../../arm-none-eabi/lib/thumb/v7-m/nofp/libc.a(libc_a-readr.o)
 .debug_abbrev  0x00000000      0x1ec /usr/lib/gcc/arm-none-eabi/13.2.1/../../../arm-none-eabi/lib/thumb/v7-m/nofp/libc.a(libc_a-readr.o)
 .debug_loclists
                0x00000000       0x97 /usr/lib/gcc/arm-none-eabi/13.2.1/../../../arm-none-eabi/lib/thumb/v7-m/nofp/libc.a(libc_a-readr.o)
 .debug_aranges
                0x00000000       0x20 /usr/lib/gcc/arm-none-eabi/13.2.1/../../../arm-none-eabi/lib/thumb/v7-m/nofp/libc.a(libc_a-readr.o)
 .debug_line    0x00000000      0x19c /usr/lib/gcc/arm-none-eabi/13.2.1/../../../arm-none-eabi/lib/thumb/v7-m/nofp/libc.a(libc_a-readr.o)
 .debug_str     0x00000000      0x4a3 /usr/lib/gcc/arm-none-eabi/13.2.1/../../../arm-none-eabi/lib/thumb/v7-m/nofp/libc.a(libc_a-readr.o)
 .comment       0x00000000       0x27 /usr/lib/gcc/arm-none-eabi/13.2.1/../../../arm-none-eabi/lib/thumb/v7-m/nofp/libc.a(libc_a-readr.o)
 .debug_frame   0x00000000       0x2c /usr/lib/gcc/arm-none-eabi/13.2.1/../../../arm-none-eabi/lib/thumb/v7-m/nofp/libc.a(libc_a-readr.o)
 .ARM.attributes
                0x00000000       0x2d /usr/lib/gcc/arm-none-eabi/13.2.1/../../../arm-none-eabi/lib/thumb/v7-m/nofp/libc.a(libc_a-readr.o)
 .text          0x00000000       0x2c /usr/lib/gcc/arm-none-eabi/13.2.1/../../../arm-none-eabi/lib/thumb/v7-m/nofp/libc.a(libc_a-lseekr.o)
 .data          0x00000000        0x0 /usr/lib/gcc/arm-none-eabi/13.2.1/../../../arm-none-eabi/lib/thumb/v7-m/nofp/libc.a(libc_a-lseekr.o)
 .bss           0x00000000        0x0 /usr/lib/gcc/arm-none-eabi/13.2.1/../../../arm-none-eabi/lib/thumb/v7-m/nofp/libc.a(libc_a-lseekr.o)
 .debug_info    0x00000000      0x7bc /usr/lib/gcc/arm-none-eabi/13.2.1/../../../arm-none-eabi/lib/thumb/v7-m/nofp/libc.a(libc_a-lseekr.o)
 .debug_abbrev  0x00000000      0x200 /usr/lib/gcc/arm-none-eabi/13.2.1/../../../arm-none-eabi/lib/thumb/v7-m/nofp/libc.a(libc_a-lseekr.o)
 .debug_loclists
                0x00000000       0x97 /usr/lib/gcc/arm-none-eabi/13.2.1/../../../arm-none-eabi/lib/thumb/v7-m/nofp/libc.a(libc_a-lseekr.o)
 .debug_aranges
                0x00000000       0x20 /usr/lib/gcc/arm-none-eabi/13.2.1/../../../arm-none-eabi/lib/thumb/v7-m/nofp/libc.a(libc_a-lseekr.o)
 .debug_line    0x00000000      0x19d /usr/lib/gcc/arm-none-eabi/13.2.1/../../../arm-none-eabi/lib/thumb/v7-m/nofp/libc.a(libc_a-lseekr.o)
 .debug_str     0x00000000      0x4a3 /usr/lib/gcc/arm-none-eabi/13.2.1/../../../arm-none-eabi/lib/thumb/v7-m/nofp/libc.a(libc_a-lseekr.o)
 .comment       0x00000000       0x27 /usr/lib/gcc/arm-none-eabi/13.2.1/../../../arm-none-eabi/lib/thumb/v7-m/nofp/libc.a(libc_a-lseekr.o)
 .debug_frame   0x00000000       0x2c /usr/lib/gcc/arm-none-eabi/13.2.1/../../../arm-none-eabi/lib/thumb/v7-m/nofp/libc.a(libc_a-lseekr.o)
 .ARM.attributes
                0x00000000       0x2d /usr/lib/gcc/arm-none-eabi/13.2.1/../../../arm-none-eabi/lib/thumb/v7-m/nofp/libc.a(libc_a-lseekr.o)
 .text          0x00000000       0x6c /usr/lib/gcc/arm-none-eabi/13.2.1/../../../arm-none-eabi/lib/thumb/v7-m/nofp/libc.a(libc_a-reent.o)
 .data          0x00000000        0x0 /usr/lib/gcc/arm-none-eabi/13.2.1/../../../arm-none-eabi/lib/thumb/v7-m/nofp/libc.a(libc_a-reent.o)
 .bss           0x00000000        0x4 /usr/lib/gcc/arm-none-eabi/13.2.1/../../../arm-none-eabi/lib/thumb/v7-m/nofp/libc.a(libc_a-reent.o)
 .debug_info    0x00000000      0x831 /usr/lib/gcc/arm-none-eabi/13.2.1/../../../arm-none-eabi/lib/thumb/v7-m/nofp/libc.a(libc_a-reent.o)
 .debug_abbrev  0x00000000      0x22a /usr/lib/gcc/arm-none-eabi/13.2.1/../../../arm-none-eabi/lib/thumb/v7-m/nofp/libc.a(libc_a-reent.o)
 .debug_loclists
                0x00000000       0x6e /usr/lib/gcc/arm-none-eabi/13.2.1/../../../arm-none-eabi/lib/thumb/v7-m/nofp/libc.a(libc_a-reent.o)
 .debug_aranges
                0x00000000       0x20 /usr/lib/gcc/arm-none-eabi/13.2.1/../../../arm-none-eabi/lib/thumb/v7-m/nofp/libc.a(libc_a-reent.o)
 .debug_line    0x00000000      0x1f0 /usr/lib/gcc/arm-none-eabi/13.2.1/../../../arm-none-eabi/lib/thumb/v7-m/nofp/libc.a(libc_a-reent.o)
 .debug_str     0x00000000      0x4be /usr/lib/gcc/arm-none-eabi/13.2.1/../../../arm-none-eabi/lib/thumb/v7-m/nofp/libc.a(libc_a-reent.o)
 .comment       0x00000000       0x27 /usr/lib/gcc/arm-none-eabi/13.2.1/../../../arm-none-eabi/lib/thumb/v7-m/nofp/libc.a(libc_a-reent.o)
 .debug_frame   0x00000000       0x3c /usr/lib/gcc/arm-none-eabi/13.2.1/../../../arm-none-eabi/lib/thumb/v7-m/nofp/libc.a(libc_a-reent.o)
 .ARM.attributes
                0x00000000       0x2d /usr/lib/gcc/arm-none-eabi/13.2.1/../../../arm-none-eabi/lib/thumb/v7-m/nofp/libc.a(libc_a-reent.o)
 .text          0x00000000       0x10 /usr/lib/gcc/arm-none-eabi/13.2.1/../../../arm-none-eabi/lib/thumb/v7-m/nofp/libnosys.a(close.o)
 .data          0x00000000        0x0 /usr/lib/gcc/arm-none-eabi/13.2.1/../../../arm-none-eabi/lib/thumb/v7-m/nofp/libnosys.a(close.o)
 .bss           0x00000000        0x0 /usr/lib/gcc/arm-none-eabi/13.2.1/../../../arm-none-eabi/lib/thumb/v7-m/nofp/libnosys.a(close.o)
 .gnu.warning._close
                0x00000000        0x0 /usr/lib/gcc/arm-none-eabi/13.2.1/../../../arm-none-eabi/lib/thumb/v7-m/nofp/libnosys.a(close.o)
 .debug_info    0x00000000       0xde /usr/lib/gcc/arm-none-eabi/13.2.1/../../../arm-none-eabi/lib/thumb/v7-m/nofp/libnosys.a(close.o)
 .debug_abbrev  0x00000000       0x96 /usr/lib/gcc/arm-none-eabi/13.2.1/../../../arm-none-eabi/lib/thumb/v7-m/nofp/libnosys.a(close.o)
 .debug_loclists
                0x00000000       0x24 /usr/lib/gcc/arm-none-eabi/13.2.1/../../../arm-none-eabi/lib/thumb/v7-m/nofp/libnosys.a(close.o)
 .debug_aranges
                0x00000000       0x20 /usr/lib/gcc/arm-none-eabi/13.2.1/../../../arm-none-eabi/lib/thumb/v7-m/nofp/libnosys.a(close.o)
 .debug_line    0x00000000       0x72 /usr/lib/gcc/arm-none-eabi/13.2.1/../../../arm-none-eabi/lib/thumb/v7-m/nofp/libnosys.a(close.o)
 .debug_str     0x00000000      0x190 /usr/lib/gcc/arm-none-eabi/13.2.1/../../../arm-none-eabi/lib/thumb/v7-m/nofp/libnosys.a(close.o)
 .comment       0x00000000       0x27 /usr/lib/gcc/arm-none-eabi/13.2.1/../../../arm-none-eabi/lib/thumb/v7-m/nofp/libnosys.a(close.o)
 .debug_frame   0x00000000       0x20 /usr/lib/gcc/arm-none-eabi/13.2.1/../../../arm-none-eabi/lib/thumb/v7-m/nofp/libnosys.a(close.o)
 .ARM.attributes
                0x00000000       0x2d /usr/lib/gcc/arm-none-eabi/13.2.1/../../../arm-none-eabi/lib/thumb/v7-m/nofp/libnosys.a(close.o)
 .text          0x00000000       0x10 /usr/lib/gcc/arm-none-eabi/13.2.1/../../../arm-none-eabi/lib/thumb/v7-m/nofp/libnosys.a(lseek.o)
 .data          0x00000000        0x0 /usr/lib/gcc/arm-none-eabi/13.2.1/../../../arm-none-eabi/lib/thumb/v7-m/nofp/libnosys.a(lseek.o)
 .bss           0x00000000        0x0 /usr/lib/gcc/arm-none-eabi/13.2.1/../../../arm-none-eabi/lib/thumb/v7-m/nofp/libnosys.a(lseek.o)
 .gnu.warning._lseek
                0x00000000        0x0 /usr/lib/gcc/arm-none-eabi/13.2.1/../../../arm-none-eabi/lib/thumb/v7-m/nofp/libnosys.a(lseek.o)
 .debug_info    0x00000000      0x100 /usr/lib/gcc/arm-none-eabi/13.2.1/../../../arm-none-eabi/lib/thumb/v7-m/nofp/libnosys.a(lseek.o)
 .debug_abbrev  0x00000000       0xbb /usr/lib/gcc/arm-none-eabi/13.2.1/../../../arm-none-eabi/lib/thumb/v7-m/nofp/libnosys.a(lseek.o)
 .debug_loclists
                0x00000000       0x3c /usr/lib/gcc/arm-none-eabi/13.2.1/../../../arm-none-eabi/lib/thumb/v7-m/nofp/libnosys.a(lseek.o)
 .debug_aranges
                0x00000000       0x20 /usr/lib/gcc/arm-none-eabi/13.2.1/../../../arm-none-eabi/lib/thumb/v7-m/nofp/libnosys.a(lseek.o)
 .debug_line    0x00000000       0x73 /usr/lib/gcc/arm-none-eabi/13.2.1/../../../arm-none-eabi/lib/thumb/v7-m/nofp/libnosys.a(lseek.o)
 .debug_str     0x00000000      0x18e /usr/lib/gcc/arm-none-eabi/13.2.1/../../../arm-none-eabi/lib/thumb/v7-m/nofp/libnosys.a(lseek.o)
 .comment       0x00000000       0x27 /usr/lib/gcc/arm-none-eabi/13.2.1/../../../arm-none-eabi/lib/thumb/v7-m/nofp/libnosys.a(lseek.o)
 .debug_frame   0x00000000       0x20 /usr/lib/gcc/arm-none-eabi/13.2.1/../../../arm-none-eabi/lib/thumb/v7-m/nofp/libnosys.a(lseek.o)
 .ARM.attributes
                0x00000000       0x2d /usr/lib/gcc/arm-none-eabi/13.2.1/../../../arm-none-eabi/lib/thumb/v7-m/nofp/libnosys.a(lseek.o)
 .text          0x00000000       0x10 /usr/lib/gcc/arm-none-eabi/13.2.1/../../../arm-none-eabi/lib/thumb/v7-m/nofp/libnosys.a(read.o)
 .data          0x00000000        0x0 /usr/lib/gcc/arm-none-eabi/13.2.1/../../../arm-none-eabi/lib/thumb/v7-m/nofp/libnosys.a(read.o)
 .bss           0x00000000        0x0 /usr/lib/gcc/arm-none-eabi/13.2.1/../../../arm-none-eabi/lib/thumb/v7-m/nofp/libnosys.a(read.o)
 .gnu.warning._read
                0x00000000        0x0 /usr/lib/gcc/arm-none-eabi/13.2.1/../../../arm-none-eabi/lib/thumb/v7-m/nofp/libnosys.a(read.o)
 .debug_info    0x00000000      0x106 /usr/lib/gcc/arm-none-eabi/13.2.1/../../../arm-none-eabi/lib/thumb/v7-m/nofp/libnosys.a(read.o)
 .debug_abbrev  0x00000000       0xc4 /usr/lib/gcc/arm-none-eabi/13.2.1/../../../arm-none-eabi/lib/thumb/v7-m/nofp/libnosys.a(read.o)
 .debug_loclists
                0x00000000       0x3c /usr/lib/gcc/arm-none-eabi/13.2.1/../../../arm-none-eabi/lib/thumb/v7-m/nofp/libnosys.a(read.o)
 .debug_aranges
                0x00000000       0x20 /usr/lib/gcc/arm-none-eabi/13.2.1/../../../arm-none-eabi/lib/thumb/v7-m/nofp/libnosys.a(read.o)
 .debug_line    0x00000000       0x72 /usr/lib/gcc/arm-none-eabi/13.2.1/../../../arm-none-eabi/lib/thumb/v7-m/nofp/libnosys.a(read.o)
 .debug_str     0x00000000      0x18b /usr/lib/gcc/arm-none-eabi/13.2.1/../../../arm-none-eabi/lib/thumb/v7-m/nofp/libnosys.a(read.o)
 .comment       0x00000000       0x27 /usr/lib/gcc/arm-none-eabi/13.2.1/../../../arm-none-eabi/lib/thumb/v7-m/nofp/libnosys.a(read.o)
 .debug_frame   0x00000000       0x20 /usr/lib/gcc/arm-none-eabi/13.2.1/../../../arm-none-eabi/lib/thumb/v7-m/nofp/libnosys.a(read.o)
 .ARM.attributes
                0x00000000       0x2d /usr/lib/gcc/arm-none-eabi/13.2.1/../../../arm-none-eabi/lib/thumb/v7-m/nofp/libnosys.a(read.o)
 .text          0x00000000       0x1c /usr/lib/gcc/arm-none-eabi/13.2.1/../../../arm-none-eabi/lib/thumb/v7-m/nofp/libnosys.a(sbrk.o)
 .data          0x00000000        0x0 /usr/lib/gcc/arm-none-eabi/13.2.1/../../../arm-none-eabi/lib/thumb/v7-m/nofp/libnosys.a(sbrk.o)
 .bss           0x00000000        0x4 /usr/lib/gcc/arm-none-eabi/13.2.1/../../../arm-none-eabi/lib/thumb/v7-m/nofp/libnosys.a(sbrk.o)
 .debug_info    0x00000000       0xac /usr/lib/gcc/arm-none-eabi/13.2.1/../../../arm-none-eabi/lib/thumb/v7-m/nofp/libnosys.a(sbrk.o)
 .debug_abbrev  0x00000000       0xa1 /usr/lib/gcc/arm-none-eabi/13.2.1/../../../arm-none-eabi/lib/thumb/v7-m/nofp/libnosys.a(sbrk.o)
 .debug_loclists
                0x00000000       0x30 /usr/lib/gcc/arm-none-eabi/13.2.1/../../../arm-none-eabi/lib/thumb/v7-m/nofp/libnosys.a(sbrk.o)
 .debug_aranges
                0x00000000       0x20 /usr/lib/gcc/arm-none-eabi/13.2.1/../../../arm-none-eabi/lib/thumb/v7-m/nofp/libnosys.a(sbrk.o)
 .debug_line    0x00000000       0x76 /usr/lib/gcc/arm-none-eabi/13.2.1/../../../arm-none-eabi/lib/thumb/v7-m/nofp/libnosys.a(sbrk.o)
 .debug_str     0x00000000      0x115 /usr/lib/gcc/arm-none-eabi/13.2.1/../../../arm-none-eabi/lib/thumb/v7-m/nofp/libnosys.a(sbrk.o)
 .comment       0x00000000       0x27 /usr/lib/gcc/arm-none-eabi/13.2.1/../../../arm-none-eabi/lib/thumb/v7-m/nofp/libnosys.a(sbrk.o)
 .debug_frame   0x00000000       0x20 /usr/lib/gcc/arm-none-eabi/13.2.1/../../../arm-none-eabi/lib/thumb/v7-m/nofp/libnosys.a(sbrk.o)
 .ARM.attributes
                0x00000000       0x2d /usr/lib/gcc/arm-none-eabi/13.2.1/../../../arm-none-eabi/lib/thumb/v7-m/nofp/libnosys.a(sbrk.o)
 .text          0x00000000       0x10 /usr/lib/gcc/arm-none-eabi/13.2.1/../../../arm-none-eabi/lib/thumb/v7-m/nofp/libnosys.a(write.o)
 .data          0x00000000        0x0 /usr/lib/gcc/arm-none-eabi/13.2.1/../../../arm-none-eabi/lib/thumb/v7-m/nofp/libnosys.a(write.o)
 .bss           0x00000000        0x0 /usr/lib/gcc/arm-none-eabi/13.2.1/../../../arm-none-eabi/lib/thumb/v7-m/nofp/libnosys.a(write.o)
 .gnu.warning._write
                0x00000000        0x0 /usr/lib/gcc/arm-none-eabi/13.2.1/../../../arm-none-eabi/lib/thumb/v7-m/nofp/libnosys.a(write.o)
 .debug_info    0x00000000      0x106 /usr/lib/gcc/arm-none-eabi/13.2.1/../../../arm-none-eabi/lib/thumb/v7-m/nofp/libnosys.a(write.o)
 .debug_abbrev  0x00000000       0xc4 /usr/lib/gcc/arm-none-eabi/13.2.1/../../../arm-none-eabi/lib/thumb/v7-m/nofp/libnosys.a(write.o)
 .debug_loclists
                0x00000000       0x3c /usr/lib/gcc/arm-none-eabi/13.2.1/../../../arm-none-eabi/lib/thumb/v7-m/nofp/libnosys.a(write.o)
 .debug_aranges
                0x00000000       0x20 /usr/lib/gcc/arm-none-eabi/13.2.1/../../../arm-none-eabi/lib/thumb/v7-m/nofp/libnosys.a(write.o)
 .debug_line    0x00000000       0x73 /usr/lib/gcc/arm-none-eabi/13.2.1/../../../arm-none-eabi/lib/thumb/v7-m/nofp/libnosys.a(write.o)
 .debug_str     0x00000000      0x18e /usr/lib/gcc/arm-none-eabi/13.2.1/../../../arm-none-eabi/lib/thumb/v7-m/nofp/libnosys.a(write.o)
 .comment       0x00000000       0x27 /usr/lib/gcc/arm-none-eabi/13.2.1/../../../arm-none-eabi/lib/thumb/v7-m/nofp/libnosys.a(write.o)
 .debug_frame   0x00000000       0x20 /usr/lib/gcc/arm-none-eabi/13.2.1/../../../arm-none-eabi/lib/thumb/v7-m/nofp/libnosys.a(write.o)
 .ARM.attributes
                0x00000000       0x2d /usr/lib/gcc/arm-none-eabi/13.2.1/../../../arm-none-eabi/lib/thumb/v7-m/nofp/libnosys.a(write.o)
 .text          0x00000000        0x4 /usr/lib/gcc/arm-none-eabi/13.2.1/../../../arm-none-eabi/lib/thumb/v7-m/nofp/libnosys.a(_exit.o)
 .data          0x00000000        0x0 /usr/lib/gcc/arm-none-eabi/13.2.1/../../../arm-none-eabi/lib/thumb/v7-m/nofp/libnosys.a(_exit.o)
 .bss           0x00000000        0x0 /usr/lib/gcc/arm-none-eabi/13.2.1/../../../arm-none-eabi/lib/thumb/v7-m/nofp/libnosys.a(_exit.o)
 .debug_info    0x00000000       0xa4 /usr/lib/gcc/arm-none-eabi/13.2.1/../../../arm-none-eabi/lib/thumb/v7-m/nofp/libnosys.a(_exit.o)
 .debug_abbrev  0x00000000       0x69 /usr/lib/gcc/arm-none-eabi/13.2.1/../../../arm-none-eabi/lib/thumb/v7-m/nofp/libnosys.a(_exit.o)
 .debug_loclists
                0x00000000       0x14 /usr/lib/gcc/arm-none-eabi/13.2.1/../../../arm-none-eabi/lib/thumb/v7-m/nofp/libnosys.a(_exit.o)
 .debug_aranges
                0x00000000       0x20 /usr/lib/gcc/arm-none-eabi/13.2.1/../../../arm-none-eabi/lib/thumb/v7-m/nofp/libnosys.a(_exit.o)
 .debug_line    0x00000000       0x61 /usr/lib/gcc/arm-none-eabi/13.2.1/../../../arm-none-eabi/lib/thumb/v7-m/nofp/libnosys.a(_exit.o)
 .debug_str     0x00000000      0x161 /usr/lib/gcc/arm-none-eabi/13.2.1/../../../arm-none-eabi/lib/thumb/v7-m/nofp/libnosys.a(_exit.o)
 .comment       0x00000000       0x27 /usr/lib/gcc/arm-none-eabi/13.2.1/../../../arm-none-eabi/lib/thumb/v7-m/nofp/libnosys.a(_exit.o)
 .debug_frame   0x00000000       0x20 /usr/lib/gcc/arm-none-eabi/13.2.1/../../../arm-none-eabi/lib/thumb/v7-m/nofp/libnosys.a(_exit.o)
 .ARM.attributes
                0x00000000       0x2d /usr/lib/gcc/arm-none-eabi/13.2.1/../../../arm-none-eabi/lib/thumb/v7-m/nofp/libnosys.a(_exit.o)
 .text          0x00000000        0x0 /usr/lib/gcc/arm-none-eabi/13.2.1/thumb/v7-m/nofp/crtend.o
 .data          0x00000000        0x0 /usr/lib/gcc/arm-none-eabi/13.2.1/thumb/v7-m/nofp/crtend.o
 .bss           0x00000000        0x0 /usr/lib/gcc/arm-none-eabi/13.2.1/thumb/v7-m/nofp/crtend.o
 .rodata        0x00000000       0x24 /usr/lib/gcc/arm-none-eabi/13.2.1/thumb/v7-m/nofp/crtend.o
 .eh_frame      0x00000000        0x4 /usr/lib/gcc/arm-none-eabi/13.2.1/thumb/v7-m/nofp/crtend.o
 .tm_clone_table
                0x00000000        0x0 /usr/lib/gcc/arm-none-eabi/13.2.1/thumb/v7-m/nofp/crtend.o
 .comment       0x00000000       0x27 /usr/lib/gcc/arm-none-eabi/13.2.1/thumb/v7-m/nofp/crtend.o
 .ARM.attributes
                0x00000000       0x2d /usr/lib/gcc/arm-none-eabi/13.2.1/thumb/v7-m/nofp/crtend.o
 .text          0x00000000        0x0 /usr/lib/gcc/arm-none-eabi/13.2.1/thumb/v7-m/nofp/crtn.o
 .data          0x00000000        0x0 /usr/lib/gcc/arm-none-eabi/13.2.1/thumb/v7-m/nofp/crtn.o
 .bss           0x00000000        0x0 /usr/lib/gcc/arm-none-eabi/13.2.1/thumb/v7-m/nofp/crtn.o
 .init          0x00000000        0x8 /usr/lib/gcc/arm-none-eabi/13.2.1/thumb/v7-m/nofp/crtn.o
 .fini          0x00000000        0x8 /usr/lib/gcc/arm-none-eabi/13.2.1/thumb/v7-m/nofp/crtn.o
 .ARM.attributes
                0x00000000       0x1d /usr/lib/gcc/arm-none-eabi/13.2.1/thumb/v7-m/nofp/crtn.o

Memory Configuration

Name             Origin             Length             Attributes
FLASH            0x08000000         0x00010000         xr
SRAM             0x20000000         0x00005000         xrw
*default*        0x00000000         0xffffffff

Linker script and memory map

LOAD /usr/lib/gcc/arm-none-eabi/13.2.1/thumb/v7-m/nofp/crti.o
LOAD /usr/lib/gcc/arm-none-eabi/13.2.1/thumb/v7-m/nofp/crtbegin.o
LOAD /usr/lib/gcc/arm-none-eabi/13.2.1/../../../arm-none-eabi/lib/thumb/v7-m/nofp/crt0.o
LOAD Build/system_stm32f1xx.o
LOAD Build/main.o
LOAD Build/stm32f1_startup.o
START GROUP
LOAD /usr/lib/gcc/arm-none-eabi/13.2.1/thumb/v7-m/nofp/libgcc.a
LOAD /usr/lib/gcc/arm-none-eabi/13.2.1/../../../arm-none-eabi/lib/thumb/v7-m/nofp/libc.a
END GROUP
START GROUP
LOAD /usr/lib/gcc/arm-none-eabi/13.2.1/thumb/v7-m/nofp/libgcc.a
LOAD /usr/lib/gcc/arm-none-eabi/13.2.1/../../../arm-none-eabi/lib/thumb/v7-m/nofp/libc.a
LOAD /usr/lib/gcc/arm-none-eabi/13.2.1/../../../arm-none-eabi/lib/thumb/v7-m/nofp/libnosys.a
END GROUP
LOAD /usr/lib/gcc/arm-none-eabi/13.2.1/thumb/v7-m/nofp/crtend.o
LOAD /usr/lib/gcc/arm-none-eabi/13.2.1/thumb/v7-m/nofp/crtn.o
                0x20005000                        __estack = (ORIGIN (SRAM) + LENGTH (SRAM))
                0x00000200                        __max_heap_size = 0x200
                0x00000400                        __max_stack_size = 0x400

.isr_vector     0x08000000      0x130
                0x08000000                        . = ALIGN (0x4)
                0x08000000                        _svector = .
 *(.isr_vector)
 .isr_vector    0x08000000      0x130 Build/stm32f1_startup.o
                0x08000000                vector_table
                0x08000130                        . = ALIGN (0x4)
                0x08000130                        _evector = .

.text           0x08000130      0x20c
                0x08000130                        . = ALIGN (0x4)
                0x08000130                        _stext = .
 *(.text*)
 .text.__NVIC_SetPriority
                0x08000130       0x54 Build/main.o
 .text.SysTick_Config
                0x08000184       0x44 Build/main.o
 .text.main     0x080001c8       0xb4 Build/main.o
                0x080001c8                main
 .text.SysTick_Handler
                0x0800027c       0x24 Build/main.o
                0x0800027c                SysTick_Handler
 .text.delay_ms
                0x080002a0       0x4c Build/main.o
                0x080002a0                delay_ms
 .text.Reset_Handler
                0x080002ec       0x48 Build/stm32f1_startup.o
                0x080002ec                Reset_Handler
 .text.Default_Handler
                0x08000334        0x8 Build/stm32f1_startup.o
                0x08000334                RTC_Alarm_IRQHandler
                0x08000334                EXTI2_IRQHandler
                0x08000334                TIM8_TRG_COM_IRQHandler
                0x08000334                TIM8_CC_IRQHandler
                0x08000334                DebugMon_Handler
                0x08000334                TIM1_CC_IRQHandler
                0x08000334                HardFault_Handler
                0x08000334                TIM6_IRQHandler
                0x08000334                PVD_IRQHandler
                0x08000334                SDIO_IRQHandler
                0x08000334                PendSV_Handler
                0x08000334                NMI_Handler
                0x08000334                EXTI3_IRQHandler
                0x08000334                USB_HP_CAN_TX_IRQHandler
                0x08000334                EXTI0_IRQHandler
                0x08000334                I2C2_EV_IRQHandler
                0x08000334                UsageFault_Handler
                0x08000334                ADC1_2_IRQHandler
                0x08000334                SPI1_IRQHandler
                0x08000334                CAN_SCE_IRQHandler
                0x08000334                TAMPER_IRQHandler
                0x08000334                TIM8_UP_IRQHandler
                0x08000334                DMA2_Channel2_IRQHandler
                0x08000334                DMA1_Channel4_IRQHandler
                0x08000334                USART3_IRQHandler
                0x08000334                RTC_IRQHandler
                0x08000334                DMA1_Channel7_IRQHandler
                0x08000334                UART5_IRQHandler
                0x08000334                ADC3_IRQHandler
                0x08000334                TIM4_IRQHandler
                0x08000334                CAN_RX1_IRQHandler
                0x08000334                DMA2_Channel1_IRQHandler
                0x08000334                I2C1_EV_IRQHandler
                0x08000334                DMA1_Channel6_IRQHandler
                0x08000334                UART4_IRQHandler
                0x08000334                TIM3_IRQHandler
                0x08000334                RCC_IRQHandler
                0x08000334                TIM1_TRG_COM_IRQHandler
                0x08000334                DMA1_Channel1_IRQHandler
                0x08000334                Default_Handler
                0x08000334                EXTI15_10_IRQHandler
                0x08000334                TIM7_IRQHandler
                0x08000334                TIM5_IRQHandler
                0x08000334                EXTI9_5_IRQHandler
                0x08000334                SPI2_IRQHandler
                0x08000334                USB_LP_CAN_RX0_IRQHandler
                0x08000334                MemManage_Handler
                0x08000334                SVC_Handler
                0x08000334                DMA1_Channel5_IRQHandler
                0x08000334                EXTI4_IRQHandler
                0x08000334                DMA1_Channel3_IRQHandler
                0x08000334                FSMC_IRQHandler
                0x08000334                TIM1_UP_IRQHandler
                0x08000334                WWDG_IRQHandler
                0x08000334                TIM2_IRQHandler
                0x08000334                TIM1_BRK_IRQHandler
                0x08000334                EXTI1_IRQHandler
                0x08000334                DMA2_Channel4_5_IRQHandler
                0x08000334                USART2_IRQHandler
                0x08000334                I2C2_ER_IRQHandler
                0x08000334                DMA1_Channel2_IRQHandler
                0x08000334                TIM8_BRK_IRQHandler
                0x08000334                FLASH_IRQHandler
                0x08000334                BusFault_Handler
                0x08000334                USART1_IRQHandler
                0x08000334                SPI3_IRQHandler
                0x08000334                I2C1_ER_IRQHandler
                0x08000334                DMA2_Channel3_IRQHandler
                0x0800033c                        . = ALIGN (0x4)
                0x0800033c                        _etext = .

.glue_7         0x0800033c        0x0
 .glue_7        0x0800033c        0x0 linker stubs

.glue_7t        0x0800033c        0x0
 .glue_7t       0x0800033c        0x0 linker stubs

.vfp11_veneer   0x0800033c        0x0
 .vfp11_veneer  0x0800033c        0x0 linker stubs

.v4_bx          0x0800033c        0x0
 .v4_bx         0x0800033c        0x0 linker stubs

.init           0x0800033c        0x4
 .init          0x0800033c        0x4 /usr/lib/gcc/arm-none-eabi/13.2.1/thumb/v7-m/nofp/crti.o
                0x0800033c                _init

.fini           0x08000340        0x4
 .fini          0x08000340        0x4 /usr/lib/gcc/arm-none-eabi/13.2.1/thumb/v7-m/nofp/crti.o
                0x08000340                _fini

.iplt           0x08000344        0x0
 .iplt          0x08000344        0x0 Build/main.o

.rel.dyn        0x08000344        0x0
 .rel.iplt      0x08000344        0x0 Build/main.o

.rodata         0x08000344        0x0
                0x08000344                        . = ALIGN (0x4)
                0x08000344                        _srodata = .
 *(.rodata*)
                0x08000344                        . = ALIGN (0x4)
                0x08000344                        _erodata = .

.data           0x20000000        0x4 load address 0x08000344
                0x20000000                        . = ALIGN (0x4)
                0x20000000                        _sdata = .
 *(.data*)
 .data.SystemCoreClock
                0x20000000        0x4 Build/system_stm32f1xx.o
                0x20000000                SystemCoreClock
                0x20000004                        . = ALIGN (0x4)
                0x20000004                        _edata = .
                0x08000344                        _sidata = LOADADDR (.data)

.igot.plt       0x20000004        0x0 load address 0x08000348
 .igot.plt      0x20000004        0x0 Build/main.o

.bss            0x20000008        0x8 load address 0x08000348
                0x20000008                        . = ALIGN (0x4)
                0x20000008                        _sbss = .
 *(.bss*)
 .bss.systick_value
                0x20000008        0x8 Build/main.o
                0x20000008                systick_value
                0x20000010                        . = ALIGN (0x4)
                0x20000010                        _ebss = .
OUTPUT(Build/main.elf elf32-littlearm)
LOAD linker stubs

.ARM.attributes
                0x00000000       0x29
 .ARM.attributes
                0x00000000       0x1d /usr/lib/gcc/arm-none-eabi/13.2.1/thumb/v7-m/nofp/crti.o
 .ARM.attributes
                0x0000001d       0x2d Build/system_stm32f1xx.o
 .ARM.attributes
                0x0000004a       0x2d Build/main.o
 .ARM.attributes
                0x00000077       0x2d Build/stm32f1_startup.o

.comment        0x00000000       0x26
 .comment       0x00000000       0x26 Build/system_stm32f1xx.o
                                 0x27 (size before relaxing)
 .comment       0x00000026       0x27 Build/main.o
 .comment       0x00000026       0x27 Build/stm32f1_startup.o

.debug_info     0x00000000      0xb53
 .debug_info    0x00000000      0x242 Build/system_stm32f1xx.o
 .debug_info    0x00000242      0x79f Build/main.o
 .debug_info    0x000009e1      0x172 Build/stm32f1_startup.o

.debug_abbrev   0x00000000      0x3ed
 .debug_abbrev  0x00000000      0x13a Build/system_stm32f1xx.o
 .debug_abbrev  0x0000013a      0x1b7 Build/main.o
 .debug_abbrev  0x000002f1       0xfc Build/stm32f1_startup.o

.debug_loc      0x00000000      0x244
 .debug_loc     0x00000000       0xa0 Build/system_stm32f1xx.o
 .debug_loc     0x000000a0      0x178 Build/main.o
 .debug_loc     0x00000218       0x2c Build/stm32f1_startup.o

.debug_aranges  0x00000000       0x90
 .debug_aranges
                0x00000000       0x28 Build/system_stm32f1xx.o
 .debug_aranges
                0x00000028       0x40 Build/main.o
 .debug_aranges
                0x00000068       0x28 Build/stm32f1_startup.o

.debug_ranges   0x00000000       0x60
 .debug_ranges  0x00000000       0x18 Build/system_stm32f1xx.o
 .debug_ranges  0x00000018       0x30 Build/main.o
 .debug_ranges  0x00000048       0x18 Build/stm32f1_startup.o

.debug_line     0x00000000      0x438
 .debug_line    0x00000000      0x1a5 Build/system_stm32f1xx.o
 .debug_line    0x000001a5      0x1d3 Build/main.o
 .debug_line    0x00000378       0xc0 Build/stm32f1_startup.o

.debug_str      0x00000000      0x6ad
 .debug_str     0x00000000      0x6ad Build/system_stm32f1xx.o
                                0x25a (size before relaxing)
 .debug_str     0x000006ad      0x5da Build/main.o
 .debug_str     0x000006ad      0x1f0 Build/stm32f1_startup.o

.debug_frame    0x00000000      0x15c
 .debug_frame   0x00000000       0x58 Build/system_stm32f1xx.o
 .debug_frame   0x00000058       0xcc Build/main.o
 .debug_frame   0x00000124       0x38 Build/stm32f1_startup.o
