Archive member included to satisfy reference by file (symbol)

/usr/lib/gcc/arm-none-eabi/13.2.1/thumb/v7-m/nofp/libgcc.a(_arm_mulsf3.o)
                              /home/shrey_shah/Desktop/STM32/STM32F103C8T6/Projects/I2C/OLED/Build/usart.o (__aeabi_fmul)
/usr/lib/gcc/arm-none-eabi/13.2.1/thumb/v7-m/nofp/libgcc.a(_arm_truncdfsf2.o)
                              /home/shrey_shah/Desktop/STM32/STM32F103C8T6/Projects/I2C/OLED/Build/usart.o (__aeabi_d2f)
/usr/lib/gcc/arm-none-eabi/13.2.1/thumb/v7-m/nofp/libgcc.a(_arm_addsubsf3.o)
                              /home/shrey_shah/Desktop/STM32/STM32F103C8T6/Projects/I2C/OLED/Build/usart.o (__aeabi_fsub)
/usr/lib/gcc/arm-none-eabi/13.2.1/thumb/v7-m/nofp/libgcc.a(_arm_cmpsf2.o)
                              /home/shrey_shah/Desktop/STM32/STM32F103C8T6/Projects/I2C/OLED/Build/usart.o (__aeabi_fcmplt)
/usr/lib/gcc/arm-none-eabi/13.2.1/thumb/v7-m/nofp/libgcc.a(_arm_fixsfsi.o)
                              /home/shrey_shah/Desktop/STM32/STM32F103C8T6/Projects/I2C/OLED/Build/usart.o (__aeabi_f2iz)
/usr/lib/gcc/arm-none-eabi/13.2.1/thumb/v7-m/nofp/libgcc.a(_arm_fixunssfsi.o)
                              /home/shrey_shah/Desktop/STM32/STM32F103C8T6/Projects/I2C/OLED/Build/usart.o (__aeabi_f2uiz)
/usr/lib/gcc/arm-none-eabi/13.2.1/../../../arm-none-eabi/lib/thumb/v7-m/nofp/libc.a(libc_a-memset.o)
                              /usr/lib/gcc/arm-none-eabi/13.2.1/../../../arm-none-eabi/lib/thumb/v7-m/nofp/crt0.o (memset)
/usr/lib/gcc/arm-none-eabi/13.2.1/../../../arm-none-eabi/lib/thumb/v7-m/nofp/libc.a(libc_a-init.o)
                              /usr/lib/gcc/arm-none-eabi/13.2.1/../../../arm-none-eabi/lib/thumb/v7-m/nofp/crt0.o (__libc_init_array)
/usr/lib/gcc/arm-none-eabi/13.2.1/../../../arm-none-eabi/lib/thumb/v7-m/nofp/libc.a(libc_a-exit.o)
                              /usr/lib/gcc/arm-none-eabi/13.2.1/../../../arm-none-eabi/lib/thumb/v7-m/nofp/crt0.o (exit)
/usr/lib/gcc/arm-none-eabi/13.2.1/../../../arm-none-eabi/lib/thumb/v7-m/nofp/libc.a(libc_a-atexit.o)
                              /usr/lib/gcc/arm-none-eabi/13.2.1/../../../arm-none-eabi/lib/thumb/v7-m/nofp/crt0.o (atexit)
/usr/lib/gcc/arm-none-eabi/13.2.1/../../../arm-none-eabi/lib/thumb/v7-m/nofp/libc.a(libc_a-fini.o)
                              /usr/lib/gcc/arm-none-eabi/13.2.1/../../../arm-none-eabi/lib/thumb/v7-m/nofp/crt0.o (__libc_fini_array)
/usr/lib/gcc/arm-none-eabi/13.2.1/../../../arm-none-eabi/lib/thumb/v7-m/nofp/libc.a(libc_a-__call_atexit.o)
                              /usr/lib/gcc/arm-none-eabi/13.2.1/../../../arm-none-eabi/lib/thumb/v7-m/nofp/libc.a(libc_a-exit.o) (__call_exitprocs)
/usr/lib/gcc/arm-none-eabi/13.2.1/../../../arm-none-eabi/lib/thumb/v7-m/nofp/libc.a(libc_a-__atexit.o)
                              /usr/lib/gcc/arm-none-eabi/13.2.1/../../../arm-none-eabi/lib/thumb/v7-m/nofp/libc.a(libc_a-atexit.o) (__register_exitproc)
/usr/lib/gcc/arm-none-eabi/13.2.1/../../../arm-none-eabi/lib/thumb/v7-m/nofp/libc.a(libc_a-findfp.o)
                              /usr/lib/gcc/arm-none-eabi/13.2.1/../../../arm-none-eabi/lib/thumb/v7-m/nofp/libc.a(libc_a-exit.o) (__stdio_exit_handler)
/usr/lib/gcc/arm-none-eabi/13.2.1/../../../arm-none-eabi/lib/thumb/v7-m/nofp/libc.a(libc_a-fwalk.o)
                              /usr/lib/gcc/arm-none-eabi/13.2.1/../../../arm-none-eabi/lib/thumb/v7-m/nofp/libc.a(libc_a-findfp.o) (_fwalk_sglue)
/usr/lib/gcc/arm-none-eabi/13.2.1/../../../arm-none-eabi/lib/thumb/v7-m/nofp/libc.a(libc_a-impure.o)
                              /usr/lib/gcc/arm-none-eabi/13.2.1/../../../arm-none-eabi/lib/thumb/v7-m/nofp/libc.a(libc_a-findfp.o) (_impure_data)
/usr/lib/gcc/arm-none-eabi/13.2.1/../../../arm-none-eabi/lib/thumb/v7-m/nofp/libc.a(libc_a-mallocr.o)
                              /usr/lib/gcc/arm-none-eabi/13.2.1/../../../arm-none-eabi/lib/thumb/v7-m/nofp/libc.a(libc_a-findfp.o) (_malloc_r)
/usr/lib/gcc/arm-none-eabi/13.2.1/../../../arm-none-eabi/lib/thumb/v7-m/nofp/libc.a(libc_a-freer.o)
                              /usr/lib/gcc/arm-none-eabi/13.2.1/../../../arm-none-eabi/lib/thumb/v7-m/nofp/libc.a(libc_a-mallocr.o) (_free_r)
/usr/lib/gcc/arm-none-eabi/13.2.1/../../../arm-none-eabi/lib/thumb/v7-m/nofp/libc.a(libc_a-fclose.o)
                              /usr/lib/gcc/arm-none-eabi/13.2.1/../../../arm-none-eabi/lib/thumb/v7-m/nofp/libc.a(libc_a-findfp.o) (_fclose_r)
/usr/lib/gcc/arm-none-eabi/13.2.1/../../../arm-none-eabi/lib/thumb/v7-m/nofp/libc.a(libc_a-sysconf.o)
                              /usr/lib/gcc/arm-none-eabi/13.2.1/../../../arm-none-eabi/lib/thumb/v7-m/nofp/libc.a(libc_a-mallocr.o) (sysconf)
/usr/lib/gcc/arm-none-eabi/13.2.1/../../../arm-none-eabi/lib/thumb/v7-m/nofp/libc.a(libc_a-stdio.o)
                              /usr/lib/gcc/arm-none-eabi/13.2.1/../../../arm-none-eabi/lib/thumb/v7-m/nofp/libc.a(libc_a-findfp.o) (__sread)
/usr/lib/gcc/arm-none-eabi/13.2.1/../../../arm-none-eabi/lib/thumb/v7-m/nofp/libc.a(libc_a-writer.o)
[...]
Memory Configuration

Name             Origin             Length             Attributes
FLASH            0x08000000         0x00010000         xr
SRAM             0x20000000         0x00005000         xrw
*default*        0x00000000         0xffffffff

Linker script and memory map

LOAD /usr/lib/gcc/arm-none-eabi/13.2.1/thumb/v7-m/nofp/crti.o
LOAD /usr/lib/gcc/arm-none-eabi/13.2.1/thumb/v7-m/nofp/crtbegin.o
LOAD /usr/lib/gcc/arm-none-eabi/13.2.1/../../../arm-none-eabi/lib/thumb/v7-m/nofp/crt0.o
LOAD /home/shrey_shah/Desktop/STM32/STM32F103C8T6/Projects/I2C/OLED/Build/adc.o
LOAD /home/shrey_shah/Desktop/STM32/STM32F103C8T6/Projects/I2C/OLED/Build/exti.o
LOAD /home/shrey_shah/Desktop/STM32/STM32F103C8T6/Projects/I2C/OLED/Build/gpio.o
LOAD /home/shrey_shah/Desktop/STM32/STM32F103C8T6/Projects/I2C/OLED/Build/i2c.o
LOAD /home/shrey_shah/Desktop/STM32/STM32F103C8T6/Projects/I2C/OLED/Build/pwm.o
LOAD /home/shrey_shah/Desktop/STM32/STM32F103C8T6/Projects/I2C/OLED/Build/rcc.o
LOAD /home/shrey_shah/Desktop/STM32/STM32F103C8T6/Projects/I2C/OLED/Build/systick.o
LOAD /home/shrey_shah/Desktop/STM32/STM32F103C8T6/Projects/I2C/OLED/Build/timer.o
LOAD /home/shrey_shah/Desktop/STM32/STM32F103C8T6/Projects/I2C/OLED/Build/usart.o
LOAD /home/shrey_shah/Desktop/STM32/STM32F103C8T6/Projects/I2C/OLED/Build/main.o
LOAD /home/shrey_shah/Desktop/STM32/STM32F103C8T6/Projects/I2C/OLED/Build/ssd1306.o
LOAD /home/shrey_shah/Desktop/STM32/STM32F103C8T6/Projects/I2C/OLED/Build/stm32f1_startup.o
START GROUP
LOAD /usr/lib/gcc/arm-none-eabi/13.2.1/thumb/v7-m/nofp/libgcc.a
LOAD /usr/lib/gcc/arm-none-eabi/13.2.1/../../../arm-none-eabi/lib/thumb/v7-m/nofp/libc.a
END GROUP
START GROUP
LOAD /usr/lib/gcc/arm-none-eabi/13.2.1/thumb/v7-m/nofp/libgcc.a
LOAD /usr/lib/gcc/arm-none-eabi/13.2.1/../../../arm-none-eabi/lib/thumb/v7-m/nofp/libc.a
LOAD /usr/lib/gcc/arm-none-eabi/13.2.1/../../../arm-none-eabi/lib/thumb/v7-m/nofp/libnosys.a
END GROUP
LOAD /usr/lib/gcc/arm-none-eabi/13.2.1/thumb/v7-m/nofp/crtend.o
LOAD /usr/lib/gcc/arm-none-eabi/13.2.1/thumb/v7-m/nofp/crtn.o
                0x20005000                        __estack = (ORIGIN (SRAM) + LENGTH (SRAM))
                0x00000200                        __max_heap_size = 0x200
                0x00000400                        __max_stack_size = 0x400

.isr_vector     0x08000000      0x130
                0x08000000                        . = ALIGN (0x4)
                0x08000000                        _svector = .
 *(.isr_vector)
 .isr_vector    0x08000000      0x130 /home/shrey_shah/Desktop/STM32/STM32F103C8T6/Projects/I2C/OLED/Build/stm32f1_startup.o
                0x08000000                vector_table
                0x08000130                        . = ALIGN (0x4)
                0x08000130                        _evector = .

.text           0x08000130      0xfd0
                0x08000130                        . = ALIGN (0x4)
                0x08000130                        _stext = .
 *(.text*)
 .text.GPIO_config
                0x08000130      0x1bc /home/shrey_shah/Desktop/STM32/STM32F103C8T6/Projects/I2C/OLED/Build/gpio.o
                0x08000130                GPIO_config
 .text.I2C_config
                0x080002ec       0xe8 /home/shrey_shah/Desktop/STM32/STM32F103C8T6/Projects/I2C/OLED/Build/i2c.o
                0x080002ec                I2C_config
 .text.I2C_calc_CCR
                0x080003d4       0x84 /home/shrey_shah/Desktop/STM32/STM32F103C8T6/Projects/I2C/OLED/Build/i2c.o
                0x080003d4                I2C_calc_CCR
 .text.I2C_calc_TRISE
                0x08000458       0x54 /home/shrey_shah/Desktop/STM32/STM32F103C8T6/Projects/I2C/OLED/Build/i2c.o
                0x08000458                I2C_calc_TRISE
 .text.I2C1_loadDefault
                0x080004ac       0xc4 /home/shrey_shah/Desktop/STM32/STM32F103C8T6/Projects/I2C/OLED/Build/i2c.o
                0x080004ac                I2C1_loadDefault
 .text.RCC_getClkFreq
                0x08000570       0xa8 /home/shrey_shah/Desktop/STM32/STM32F103C8T6/Projects/I2C/OLED/Build/rcc.o
                0x08000570                RCC_getClkFreq
 .text.RCC_getAHBFreq
                0x08000618       0x9c /home/shrey_shah/Desktop/STM32/STM32F103C8T6/Projects/I2C/OLED/Build/rcc.o
                0x08000618                RCC_getAHBFreq
 .text.RCC_getAPB1Freq
                0x080006b4       0x68 /home/shrey_shah/Desktop/STM32/STM32F103C8T6/Projects/I2C/OLED/Build/rcc.o
                0x080006b4                RCC_getAPB1Freq
 .text.RCC_getAPB2Freq
                0x0800071c       0x68 /home/shrey_shah/Desktop/STM32/STM32F103C8T6/Projects/I2C/OLED/Build/rcc.o
                0x0800071c                RCC_getAPB2Freq
 .text.RCC_config
                0x08000784      0x13c /home/shrey_shah/Desktop/STM32/STM32F103C8T6/Projects/I2C/OLED/Build/rcc.o
                0x08000784                RCC_config
 .text.SysTick_config
                0x080008c0       0x44 /home/shrey_shah/Desktop/STM32/STM32F103C8T6/Projects/I2C/OLED/Build/systick.o
                0x080008c0                SysTick_config
 .text.delay_ms
                0x08000904       0x54 /home/shrey_shah/Desktop/STM32/STM32F103C8T6/Projects/I2C/OLED/Build/systick.o
                0x08000904                delay_ms
 .text.SysTick_Handler
                0x08000958       0x24 /home/shrey_shah/Desktop/STM32/STM32F103C8T6/Projects/I2C/OLED/Build/systick.o
                0x08000958                SysTick_Handler
 .text.main     0x0800097c       0x8c /home/shrey_shah/Desktop/STM32/STM32F103C8T6/Projects/I2C/OLED/Build/main.o
                0x0800097c                main
 .text.SSD1306_init
                0x08000a08       0x20 /home/shrey_shah/Desktop/STM32/STM32F103C8T6/Projects/I2C/OLED/Build/ssd1306.o
                0x08000a08                SSD1306_init
 .text.SSD1306_I2C_cmdArray
                0x08000a28      0x156 /home/shrey_shah/Desktop/STM32/STM32F103C8T6/Projects/I2C/OLED/Build/ssd1306.o
                0x08000a28                SSD1306_I2C_cmdArray
 .text.SSD1306_I2C_dataArray
                0x08000b7e      0x156 /home/shrey_shah/Desktop/STM32/STM32F103C8T6/Projects/I2C/OLED/Build/ssd1306.o
                0x08000b7e                SSD1306_I2C_dataArray
 .text.SSD1306_gotoXY
                0x08000cd4       0x84 /home/shrey_shah/Desktop/STM32/STM32F103C8T6/Projects/I2C/OLED/Build/ssd1306.o
                0x08000cd4                SSD1306_gotoXY
 .text.SSD1306_fillFullDisp
                0x08000d58       0x98 /home/shrey_shah/Desktop/STM32/STM32F103C8T6/Projects/I2C/OLED/Build/ssd1306.o
                0x08000d58                SSD1306_fillFullDisp
 .text.SSD1306_I2C_dispString
                0x08000df0      0x278 /home/shrey_shah/Desktop/STM32/STM32F103C8T6/Projects/I2C/OLED/Build/ssd1306.o
                0x08000df0                SSD1306_I2C_dispString
 .text.Reset_Handler
                0x08001068       0x90 /home/shrey_shah/Desktop/STM32/STM32F103C8T6/Projects/I2C/OLED/Build/stm32f1_startup.o
                0x08001068                Reset_Handler
 .text.Default_Handler
                0x080010f8        0x8 /home/shrey_shah/Desktop/STM32/STM32F103C8T6/Projects/I2C/OLED/Build/stm32f1_startup.o
                0x080010f8                RTC_Alarm_IRQHandler
                0x080010f8                EXTI2_IRQHandler
                0x080010f8                TIM8_TRG_COM_IRQHandler
                0x080010f8                TIM8_CC_IRQHandler
                0x080010f8                DebugMon_Handler
                0x080010f8                TIM1_CC_IRQHandler
                0x080010f8                HardFault_Handler
                0x080010f8                TIM6_IRQHandler
                0x080010f8                PVD_IRQHandler
                0x080010f8                SDIO_IRQHandler
                0x080010f8                PendSV_Handler
                0x080010f8                NMI_Handler
                0x080010f8                EXTI3_IRQHandler
                0x080010f8                USB_HP_CAN_TX_IRQHandler
                0x080010f8                EXTI0_IRQHandler
                0x080010f8                I2C2_EV_IRQHandler
                0x080010f8                UsageFault_Handler
                0x080010f8                ADC1_2_IRQHandler
                0x080010f8                SPI1_IRQHandler
                0x080010f8                CAN_SCE_IRQHandler
                0x080010f8                TAMPER_IRQHandler
                0x080010f8                TIM8_UP_IRQHandler
                0x080010f8                DMA2_Channel2_IRQHandler
                0x080010f8                DMA1_Channel4_IRQHandler
                0x080010f8                USART3_IRQHandler
                0x080010f8                RTC_IRQHandler
                0x080010f8                DMA1_Channel7_IRQHandler
                0x080010f8                UART5_IRQHandler
                0x080010f8                ADC3_IRQHandler
                0x080010f8                TIM4_IRQHandler
                0x080010f8                CAN_RX1_IRQHandler
                0x080010f8                DMA2_Channel1_IRQHandler
                0x080010f8                I2C1_EV_IRQHandler
                0x080010f8                DMA1_Channel6_IRQHandler
                0x080010f8                UART4_IRQHandler
                0x080010f8                TIM3_IRQHandler
                0x080010f8                RCC_IRQHandler
                0x080010f8                TIM1_TRG_COM_IRQHandler
                0x080010f8                DMA1_Channel1_IRQHandler
                0x080010f8                Default_Handler
                0x080010f8                EXTI15_10_IRQHandler
                0x080010f8                TIM7_IRQHandler
                0x080010f8                TIM5_IRQHandler
                0x080010f8                EXTI9_5_IRQHandler
                0x080010f8                SPI2_IRQHandler
                0x080010f8                USB_LP_CAN_RX0_IRQHandler
                0x080010f8                MemManage_Handler
                0x080010f8                SVC_Handler
                0x080010f8                DMA1_Channel5_IRQHandler
                0x080010f8                EXTI4_IRQHandler
                0x080010f8                DMA1_Channel3_IRQHandler
                0x080010f8                FSMC_IRQHandler
                0x080010f8                TIM1_UP_IRQHandler
                0x080010f8                WWDG_IRQHandler
                0x080010f8                TIM2_IRQHandler
                0x080010f8                TIM1_BRK_IRQHandler
                0x080010f8                EXTI1_IRQHandler
                0x080010f8                DMA2_Channel4_5_IRQHandler
                0x080010f8                USART2_IRQHandler
                0x080010f8                I2C2_ER_IRQHandler
                0x080010f8                DMA1_Channel2_IRQHandler
                0x080010f8                TIM8_BRK_IRQHandler
                0x080010f8                FLASH_IRQHandler
                0x080010f8                BusFault_Handler
                0x080010f8                USART1_IRQHandler
                0x080010f8                SPI3_IRQHandler
                0x080010f8                I2C1_ER_IRQHandler
                0x080010f8                DMA2_Channel3_IRQHandler
                0x08001100                        . = ALIGN (0x4)
                0x08001100                        _etext = .

.glue_7         0x08001100        0x0
 .glue_7        0x08001100        0x0 linker stubs

.glue_7t        0x08001100        0x0
 .glue_7t       0x08001100        0x0 linker stubs

.vfp11_veneer   0x08001100        0x0
 .vfp11_veneer  0x08001100        0x0 linker stubs

.v4_bx          0x08001100        0x0
 .v4_bx         0x08001100        0x0 linker stubs

.init           0x08001100        0x4
 .init          0x08001100        0x4 /usr/lib/gcc/arm-none-eabi/13.2.1/thumb/v7-m/nofp/crti.o
                0x08001100                _init

.fini           0x08001104        0x4
 .fini          0x08001104        0x4 /usr/lib/gcc/arm-none-eabi/13.2.1/thumb/v7-m/nofp/crti.o
                0x08001104                _fini

.iplt           0x08001108        0x0
 .iplt          0x08001108        0x0 /home/shrey_shah/Desktop/STM32/STM32F103C8T6/Projects/I2C/OLED/Build/i2c.o

.rodata         0x08001108      0x224
                0x08001108                        . = ALIGN (0x4)
                0x08001108                        _srodata = .
 *(.rodata*)
 .rodata.font8x8
                0x08001108      0x1f8 /home/shrey_shah/Desktop/STM32/STM32F103C8T6/Projects/I2C/OLED/Build/ssd1306.o
 .rodata.SSD1306_initCmd
                0x08001300       0x19 /home/shrey_shah/Desktop/STM32/STM32F103C8T6/Projects/I2C/OLED/Build/ssd1306.o
 *fill*         0x08001319        0x3 
 .rodata        0x0800131c        0x3 /home/shrey_shah/Desktop/STM32/STM32F103C8T6/Projects/I2C/OLED/Build/ssd1306.o
 *fill*         0x0800131f        0x1 
 .rodata.config_RCC_72MHz
                0x08001320        0xa /home/shrey_shah/Desktop/STM32/STM32F103C8T6/Projects/I2C/OLED/Build/stm32f1_startup.o
                0x0800132c                        . = ALIGN (0x4)
 *fill*         0x0800132a        0x2 
                0x0800132c                        _erodata = .

.rel.dyn        0x0800132c        0x0
 .rel.iplt      0x0800132c        0x0 /home/shrey_shah/Desktop/STM32/STM32F103C8T6/Projects/I2C/OLED/Build/i2c.o

.data           0x20000000       0x30 load address 0x0800132c
                0x20000000                        . = ALIGN (0x4)
                0x20000000                        _sdata = .
 *(.data*)
 .data.I2C1_SCL
                0x20000000        0x8 /home/shrey_shah/Desktop/STM32/STM32F103C8T6/Projects/I2C/OLED/Build/i2c.o
                0x20000000                I2C1_SCL
 .data.I2C1_SDA
                0x20000008        0x8 /home/shrey_shah/Desktop/STM32/STM32F103C8T6/Projects/I2C/OLED/Build/i2c.o
                0x20000008                I2C1_SDA
 .data.CoreClock
                0x20000010        0x4 /home/shrey_shah/Desktop/STM32/STM32F103C8T6/Projects/I2C/OLED/Build/rcc.o
                0x20000010                CoreClock
 .data.AHBClock
                0x20000014        0x4 /home/shrey_shah/Desktop/STM32/STM32F103C8T6/Projects/I2C/OLED/Build/rcc.o
                0x20000014                AHBClock
 .data.APB1Clock
                0x20000018        0x4 /home/shrey_shah/Desktop/STM32/STM32F103C8T6/Projects/I2C/OLED/Build/rcc.o
                0x20000018                APB1Clock
 .data.APB2Clock
                0x2000001c        0x4 /home/shrey_shah/Desktop/STM32/STM32F103C8T6/Projects/I2C/OLED/Build/rcc.o
                0x2000001c                APB2Clock
 .data.OB_LED_Config
                0x20000020        0x8 /home/shrey_shah/Desktop/STM32/STM32F103C8T6/Projects/I2C/OLED/Build/main.o
 .data.OB_LED_Config
                0x20000028        0x8 /home/shrey_shah/Desktop/STM32/STM32F103C8T6/Projects/I2C/OLED/Build/stm32f1_startup.o
                0x20000030                        . = ALIGN (0x4)
                0x20000030                        _edata = .
                0x0800132c                        _sidata = LOADADDR (.data)

.igot.plt       0x20000030        0x0 load address 0x0800135c
 .igot.plt      0x20000030        0x0 /home/shrey_shah/Desktop/STM32/STM32F103C8T6/Projects/I2C/OLED/Build/i2c.o

.bss            0x20000030       0x28 load address 0x0800135c
                0x20000030                        . = ALIGN (0x4)
                0x20000030                        _sbss = .
 *(.bss*)
 .bss.future_ticks
                0x20000030        0x8 /home/shrey_shah/Desktop/STM32/STM32F103C8T6/Projects/I2C/OLED/Build/systick.o
 .bss.curr_ticks
                0x20000038        0x8 /home/shrey_shah/Desktop/STM32/STM32F103C8T6/Projects/I2C/OLED/Build/systick.o
 .bss.SSD1306_I2C_Config
                0x20000040       0x14 /home/shrey_shah/Desktop/STM32/STM32F103C8T6/Projects/I2C/OLED/Build/main.o
                0x20000040                SSD1306_I2C_Config
 .bss.SSD1306_coordinates
                0x20000054        0x2 /home/shrey_shah/Desktop/STM32/STM32F103C8T6/Projects/I2C/OLED/Build/ssd1306.o
                0x20000058                        . = ALIGN (0x4)
 *fill*         0x20000056        0x2 
                0x20000058                        _ebss = .
OUTPUT(/home/shrey_shah/Desktop/STM32/STM32F103C8T6/Projects/I2C/OLED/Build/main.elf elf32-littlearm)
LOAD linker stubs

.ARM.attributes
                0x00000000       0x29
 .ARM.attributes
                0x00000000       0x1d /usr/lib/gcc/arm-none-eabi/13.2.1/thumb/v7-m/nofp/crti.o
 .ARM.attributes
                0x0000001d       0x2d /home/shrey_shah/Desktop/STM32/STM32F103C8T6/Projects/I2C/OLED/Build/gpio.o
 .ARM.attributes
                0x0000004a       0x2d /home/shrey_shah/Desktop/STM32/STM32F103C8T6/Projects/I2C/OLED/Build/i2c.o
 .ARM.attributes
                0x00000077       0x2d /home/shrey_shah/Desktop/STM32/STM32F103C8T6/Projects/I2C/OLED/Build/rcc.o
 .ARM.attributes
                0x000000a4       0x2d /home/shrey_shah/Desktop/STM32/STM32F103C8T6/Projects/I2C/OLED/Build/systick.o
 .ARM.attributes
                0x000000d1       0x2d /home/shrey_shah/Desktop/STM32/STM32F103C8T6/Projects/I2C/OLED/Build/main.o
 .ARM.attributes
                0x000000fe       0x2d /home/shrey_shah/Desktop/STM32/STM32F103C8T6/Projects/I2C/OLED/Build/ssd1306.o
 .ARM.attributes
                0x0000012b       0x2d /home/shrey_shah/Desktop/STM32/STM32F103C8T6/Projects/I2C/OLED/Build/stm32f1_startup.o

.comment        0x00000000       0x26
 .comment       0x00000000       0x26 /home/shrey_shah/Desktop/STM32/STM32F103C8T6/Projects/I2C/OLED/Build/gpio.o
                                 0x27 (size before relaxing)
 .comment       0x00000026       0x27 /home/shrey_shah/Desktop/STM32/STM32F103C8T6/Projects/I2C/OLED/Build/i2c.o
 .comment       0x00000026       0x27 /home/shrey_shah/Desktop/STM32/STM32F103C8T6/Projects/I2C/OLED/Build/rcc.o
 .comment       0x00000026       0x27 /home/shrey_shah/Desktop/STM32/STM32F103C8T6/Projects/I2C/OLED/Build/systick.o
 .comment       0x00000026       0x27 /home/shrey_shah/Desktop/STM32/STM32F103C8T6/Projects/I2C/OLED/Build/main.o
 .comment       0x00000026       0x27 /home/shrey_shah/Desktop/STM32/STM32F103C8T6/Projects/I2C/OLED/Build/ssd1306.o
 .comment       0x00000026       0x27 /home/shrey_shah/Desktop/STM32/STM32F103C8T6/Projects/I2C/OLED/Build/stm32f1_startup.o

.debug_info     0x00000000     0xae01
 .debug_info    0x00000000     0x1bf4 /home/shrey_shah/Desktop/STM32/STM32F103C8T6/Projects/I2C/OLED/Build/gpio.o
 .debug_info    0x00001bf4     0x2c2e /home/shrey_shah/Desktop/STM32/STM32F103C8T6/Projects/I2C/OLED/Build/i2c.o
 .debug_info    0x00004822     0x16cb /home/shrey_shah/Desktop/STM32/STM32F103C8T6/Projects/I2C/OLED/Build/rcc.o
 .debug_info    0x00005eed      0x2f6 /home/shrey_shah/Desktop/STM32/STM32F103C8T6/Projects/I2C/OLED/Build/systick.o
 .debug_info    0x000061e3     0x179b /home/shrey_shah/Desktop/STM32/STM32F103C8T6/Projects/I2C/OLED/Build/main.o
 .debug_info    0x0000797e     0x254e /home/shrey_shah/Desktop/STM32/STM32F103C8T6/Projects/I2C/OLED/Build/ssd1306.o
 .debug_info    0x00009ecc      0xf35 /home/shrey_shah/Desktop/STM32/STM32F103C8T6/Projects/I2C/OLED/Build/stm32f1_startup.o

.debug_abbrev   0x00000000     0x100f
 .debug_abbrev  0x00000000      0x1dd /home/shrey_shah/Desktop/STM32/STM32F103C8T6/Projects/I2C/OLED/Build/gpio.o
 .debug_abbrev  0x000001dd      0x33b /home/shrey_shah/Desktop/STM32/STM32F103C8T6/Projects/I2C/OLED/Build/i2c.o
 .debug_abbrev  0x00000518      0x2df /home/shrey_shah/Desktop/STM32/STM32F103C8T6/Projects/I2C/OLED/Build/rcc.o
 .debug_abbrev  0x000007f7      0x13e /home/shrey_shah/Desktop/STM32/STM32F103C8T6/Projects/I2C/OLED/Build/systick.o
 .debug_abbrev  0x00000935      0x1ee /home/shrey_shah/Desktop/STM32/STM32F103C8T6/Projects/I2C/OLED/Build/main.o
 .debug_abbrev  0x00000b23      0x2f7 /home/shrey_shah/Desktop/STM32/STM32F103C8T6/Projects/I2C/OLED/Build/ssd1306.o
 .debug_abbrev  0x00000e1a      0x1f5 /home/shrey_shah/Desktop/STM32/STM32F103C8T6/Projects/I2C/OLED/Build/stm32f1_startup.o

.debug_loc      0x00000000      0xdbc
 .debug_loc     0x00000000       0xb8 /home/shrey_shah/Desktop/STM32/STM32F103C8T6/Projects/I2C/OLED/Build/gpio.o
 .debug_loc     0x000000b8      0x37a /home/shrey_shah/Desktop/STM32/STM32F103C8T6/Projects/I2C/OLED/Build/i2c.o
 .debug_loc     0x00000432      0x274 /home/shrey_shah/Desktop/STM32/STM32F103C8T6/Projects/I2C/OLED/Build/rcc.o
 .debug_loc     0x000006a6      0x1b4 /home/shrey_shah/Desktop/STM32/STM32F103C8T6/Projects/I2C/OLED/Build/systick.o
 .debug_loc     0x0000085a       0x88 /home/shrey_shah/Desktop/STM32/STM32F103C8T6/Projects/I2C/OLED/Build/main.o
 .debug_loc     0x000008e2      0x4ae /home/shrey_shah/Desktop/STM32/STM32F103C8T6/Projects/I2C/OLED/Build/ssd1306.o
 .debug_loc     0x00000d90       0x2c /home/shrey_shah/Desktop/STM32/STM32F103C8T6/Projects/I2C/OLED/Build/stm32f1_startup.o

.debug_aranges  0x00000000      0x200
 .debug_aranges
                0x00000000       0x28 /home/shrey_shah/Desktop/STM32/STM32F103C8T6/Projects/I2C/OLED/Build/gpio.o
 .debug_aranges
                0x00000028       0x68 /home/shrey_shah/Desktop/STM32/STM32F103C8T6/Projects/I2C/OLED/Build/i2c.o
 .debug_aranges
                0x00000090       0x58 /home/shrey_shah/Desktop/STM32/STM32F103C8T6/Projects/I2C/OLED/Build/rcc.o
 .debug_aranges
                0x000000e8       0x40 /home/shrey_shah/Desktop/STM32/STM32F103C8T6/Projects/I2C/OLED/Build/systick.o
 .debug_aranges
                0x00000128       0x28 /home/shrey_shah/Desktop/STM32/STM32F103C8T6/Projects/I2C/OLED/Build/main.o
 .debug_aranges
                0x00000150       0x88 /home/shrey_shah/Desktop/STM32/STM32F103C8T6/Projects/I2C/OLED/Build/ssd1306.o
 .debug_aranges
                0x000001d8       0x28 /home/shrey_shah/Desktop/STM32/STM32F103C8T6/Projects/I2C/OLED/Build/stm32f1_startup.o

.debug_ranges   0x00000000      0x190
 .debug_ranges  0x00000000       0x18 /home/shrey_shah/Desktop/STM32/STM32F103C8T6/Projects/I2C/OLED/Build/gpio.o
 .debug_ranges  0x00000018       0x58 /home/shrey_shah/Desktop/STM32/STM32F103C8T6/Projects/I2C/OLED/Build/i2c.o
 .debug_ranges  0x00000070       0x48 /home/shrey_shah/Desktop/STM32/STM32F103C8T6/Projects/I2C/OLED/Build/rcc.o
 .debug_ranges  0x000000b8       0x30 /home/shrey_shah/Desktop/STM32/STM32F103C8T6/Projects/I2C/OLED/Build/systick.o
 .debug_ranges  0x000000e8       0x18 /home/shrey_shah/Desktop/STM32/STM32F103C8T6/Projects/I2C/OLED/Build/main.o
 .debug_ranges  0x00000100       0x78 /home/shrey_shah/Desktop/STM32/STM32F103C8T6/Projects/I2C/OLED/Build/ssd1306.o
 .debug_ranges  0x00000178       0x18 /home/shrey_shah/Desktop/STM32/STM32F103C8T6/Projects/I2C/OLED/Build/stm32f1_startup.o

.debug_line     0x00000000     0x263c
 .debug_line    0x00000000      0x2e0 /home/shrey_shah/Desktop/STM32/STM32F103C8T6/Projects/I2C/OLED/Build/gpio.o
 .debug_line    0x000002e0      0x84e /home/shrey_shah/Desktop/STM32/STM32F103C8T6/Projects/I2C/OLED/Build/i2c.o
 .debug_line    0x00000b2e      0x768 /home/shrey_shah/Desktop/STM32/STM32F103C8T6/Projects/I2C/OLED/Build/rcc.o
 .debug_line    0x00001296      0x19f /home/shrey_shah/Desktop/STM32/STM32F103C8T6/Projects/I2C/OLED/Build/systick.o
 .debug_line    0x00001435      0x263 /home/shrey_shah/Desktop/STM32/STM32F103C8T6/Projects/I2C/OLED/Build/main.o
 .debug_line    0x00001698      0xda7 /home/shrey_shah/Desktop/STM32/STM32F103C8T6/Projects/I2C/OLED/Build/ssd1306.o
 .debug_line    0x0000243f      0x1fd /home/shrey_shah/Desktop/STM32/STM32F103C8T6/Projects/I2C/OLED/Build/stm32f1_startup.o

.debug_str      0x00000000     0x1421
 .debug_str     0x00000000     0x1421 /home/shrey_shah/Desktop/STM32/STM32F103C8T6/Projects/I2C/OLED/Build/gpio.o
                                0x90a (size before relaxing)
 .debug_str     0x00001421      0xc9e /home/shrey_shah/Desktop/STM32/STM32F103C8T6/Projects/I2C/OLED/Build/i2c.o
 .debug_str     0x00001421      0x93f /home/shrey_shah/Desktop/STM32/STM32F103C8T6/Projects/I2C/OLED/Build/rcc.o
 .debug_str     0x00001421      0x2db /home/shrey_shah/Desktop/STM32/STM32F103C8T6/Projects/I2C/OLED/Build/systick.o
 .debug_str     0x00001421      0x760 /home/shrey_shah/Desktop/STM32/STM32F103C8T6/Projects/I2C/OLED/Build/main.o
 .debug_str     0x00001421      0x8b6 /home/shrey_shah/Desktop/STM32/STM32F103C8T6/Projects/I2C/OLED/Build/ssd1306.o
 .debug_str     0x00001421      0x5cd /home/shrey_shah/Desktop/STM32/STM32F103C8T6/Projects/I2C/OLED/Build/stm32f1_startup.o

.debug_frame    0x00000000      0x6bc
 .debug_frame   0x00000000       0x60 /home/shrey_shah/Desktop/STM32/STM32F103C8T6/Projects/I2C/OLED/Build/gpio.o
 .debug_frame   0x00000060      0x194 /home/shrey_shah/Desktop/STM32/STM32F103C8T6/Projects/I2C/OLED/Build/i2c.o
 .debug_frame   0x000001f4      0x134 /home/shrey_shah/Desktop/STM32/STM32F103C8T6/Projects/I2C/OLED/Build/rcc.o
 .debug_frame   0x00000328       0xdc /home/shrey_shah/Desktop/STM32/STM32F103C8T6/Projects/I2C/OLED/Build/systick.o
 .debug_frame   0x00000404       0x54 /home/shrey_shah/Desktop/STM32/STM32F103C8T6/Projects/I2C/OLED/Build/main.o
 .debug_frame   0x00000458      0x22c /home/shrey_shah/Desktop/STM32/STM32F103C8T6/Projects/I2C/OLED/Build/ssd1306.o
 .debug_frame   0x00000684       0x38 /home/shrey_shah/Desktop/STM32/STM32F103C8T6/Projects/I2C/OLED/Build/stm32f1_startup.o
